Component: ARM Compiler 6.7 Tool: armlink [5c9ef700]

==============================================================================

Section Cross References

    main.o(.text.Motor_Init) refers to zf_driver_gpio.o(.text.gpio_init) for gpio_init
    main.o(.text.Motor_Init) refers to zf_driver_gpio.o(.text.gpio_set_level) for gpio_set_level
    main.o(.text.Motor_Init) refers to zf_driver_pwm.o(.text.pwm_init) for pwm_init
    main.o(.ARM.exidx.text.Motor_Init) refers to main.o(.text.Motor_Init) for [Anonymous Symbol]
    main.o(.text.Motor_SetSpeed) refers to imu.o(.bss.imu_Angle_Filted) for imu_Angle_Filted
    main.o(.text.Motor_SetSpeed) refers to main.o(.bss.speedControlOutSmooth) for speedControlOutSmooth
    main.o(.text.Motor_SetSpeed) refers to fadd.o(.text) for __aeabi_fadd
    main.o(.text.Motor_SetSpeed) refers to fcmpgt.o(.text) for __aeabi_fcmpgt
    main.o(.text.Motor_SetSpeed) refers to fcmpge.o(.text) for __aeabi_fcmpge
    main.o(.text.Motor_SetSpeed) refers to zf_driver_gpio.o(.text.gpio_set_level) for gpio_set_level
    main.o(.text.Motor_SetSpeed) refers to zf_driver_pwm.o(.text.pwm_set_duty) for pwm_set_duty
    main.o(.ARM.exidx.text.Motor_SetSpeed) refers to main.o(.text.Motor_SetSpeed) for [Anonymous Symbol]
    main.o(.text.Speed_PID_Control) refers to main.o(.bss.leftMotorPulseSigma) for leftMotorPulseSigma
    main.o(.text.Speed_PID_Control) refers to main.o(.bss.rightMotorPulseSigma) for rightMotorPulseSigma
    main.o(.text.Speed_PID_Control) refers to fflti.o(.text) for __aeabi_i2f
    main.o(.text.Speed_PID_Control) refers to fmul.o(.text) for __aeabi_fmul
    main.o(.text.Speed_PID_Control) refers to main.o(.bss.carSpeed) for carSpeed
    main.o(.text.Speed_PID_Control) refers to main.o(.bss.carSpeedPrev) for carSpeedPrev
    main.o(.text.Speed_PID_Control) refers to fadd.o(.text) for __aeabi_fadd
    main.o(.text.Speed_PID_Control) refers to main.o(.data.speed_P) for speed_P
    main.o(.text.Speed_PID_Control) refers to main.o(.data.speed_I) for speed_I
    main.o(.text.Speed_PID_Control) refers to main.o(.bss.carPosition) for carPosition
    main.o(.text.Speed_PID_Control) refers to ffixi.o(.text) for __aeabi_f2iz
    main.o(.text.Speed_PID_Control) refers to main.o(.bss.speedControlOutNew) for speedControlOutNew
    main.o(.text.Speed_PID_Control) refers to main.o(.bss.speedControlOutOld) for speedControlOutOld
    main.o(.text.Speed_PID_Control) refers to main.o(.bss.speedControlPeriod) for speedControlPeriod
    main.o(.ARM.exidx.text.Speed_PID_Control) refers to main.o(.text.Speed_PID_Control) for [Anonymous Symbol]
    main.o(.text.Speed_Control_Output) refers to main.o(.bss.speedControlOutNew) for speedControlOutNew
    main.o(.text.Speed_Control_Output) refers to main.o(.bss.speedControlOutOld) for speedControlOutOld
    main.o(.text.Speed_Control_Output) refers to fadd.o(.text) for __aeabi_fsub
    main.o(.text.Speed_Control_Output) refers to main.o(.bss.speedControlPeriod) for speedControlPeriod
    main.o(.text.Speed_Control_Output) refers to fflti.o(.text) for __aeabi_i2f
    main.o(.text.Speed_Control_Output) refers to fmul.o(.text) for __aeabi_fmul
    main.o(.text.Speed_Control_Output) refers to fdiv.o(.text) for __aeabi_fdiv
    main.o(.text.Speed_Control_Output) refers to main.o(.bss.speedControlOutSmooth) for speedControlOutSmooth
    main.o(.ARM.exidx.text.Speed_Control_Output) refers to main.o(.text.Speed_Control_Output) for [Anonymous Symbol]
    main.o(.text.Angle_PID_Control) refers to imu.o(.bss.imu_Angle_Filted) for imu_Angle_Filted
    main.o(.text.Angle_PID_Control) refers to main.o(.bss.speedControlOutSmooth) for speedControlOutSmooth
    main.o(.text.Angle_PID_Control) refers to fadd.o(.text) for __aeabi_fadd
    main.o(.text.Angle_PID_Control) refers to main.o(.data.angle_kp) for angle_kp
    main.o(.text.Angle_PID_Control) refers to fmul.o(.text) for __aeabi_fmul
    main.o(.text.Angle_PID_Control) refers to main.o(.bss.A_P) for A_P
    main.o(.text.Angle_PID_Control) refers to imu.o(.bss.imu_data) for imu_data
    main.o(.text.Angle_PID_Control) refers to main.o(.data.angle_kd) for angle_kd
    main.o(.text.Angle_PID_Control) refers to main.o(.bss.A_D) for A_D
    main.o(.text.Angle_PID_Control) refers to main.o(.bss.angleLastError) for angleLastError
    main.o(.text.Angle_PID_Control) refers to main.o(.bss.angleControlOut) for angleControlOut
    main.o(.ARM.exidx.text.Angle_PID_Control) refers to main.o(.text.Angle_PID_Control) for [Anonymous Symbol]
    main.o(.text.main) refers to zf_common_clock.o(.text.clock_init) for clock_init
    main.o(.text.main) refers to zf_common_debug.o(.text.debug_init) for debug_init
    main.o(.text.main) refers to main.o(.text.Motor_Init) for Motor_Init
    main.o(.text.main) refers to zf_driver_encoder.o(.text.encoder_quad_init) for encoder_quad_init
    main.o(.text.main) refers to zf_common_clock.o(.data.system_clock) for system_clock
[...]
    [Anonymous Symbol]                       0x08001e00   Section        0  isr.o(.text.TIM1_UP_IRQHandler)
    [Anonymous Symbol]                       0x08001e14   Section        0  isr.o(.text.TIM2_IRQHandler)
    [Anonymous Symbol]                       0x08001e28   Section        0  isr.o(.text.TIM3_IRQHandler)
    [Anonymous Symbol]                       0x08001e3c   Section        0  isr.o(.text.TIM4_IRQHandler)
    [Anonymous Symbol]                       0x08001e50   Section        0  isr.o(.text.TIM5_IRQHandler)
    [Anonymous Symbol]                       0x08001e64   Section        0  isr.o(.text.TIM6_IRQHandler)
    [Anonymous Symbol]                       0x08001e84   Section        0  isr.o(.text.TIM7_IRQHandler)
    [Anonymous Symbol]                       0x08001e98   Section        0  isr.o(.text.TIM8_UP_IRQHandler)
    [Anonymous Symbol]                       0x08001eb8   Section        0  isr.o(.text.UART1_IRQHandler)
    [Anonymous Symbol]                       0x08001f04   Section        0  isr.o(.text.UART2_IRQHandler)
    [Anonymous Symbol]                       0x08001f58   Section        0  isr.o(.text.UART3_IRQHandler)
    [Anonymous Symbol]                       0x08001fa4   Section        0  isr.o(.text.UART4_IRQHandler)
    [Anonymous Symbol]                       0x08001ff0   Section        0  isr.o(.text.UART5_IRQHandler)
    [Anonymous Symbol]                       0x0800203c   Section        0  isr.o(.text.UART6_IRQHandler)
    [Anonymous Symbol]                       0x08002098   Section        0  isr.o(.text.UART7_IRQHandler)
    [Anonymous Symbol]                       0x080020e4   Section        0  isr.o(.text.UART8_IRQHandler)
    [Anonymous Symbol]                       0x08002140   Section        0  zf_common_interrupt.o(.text.__NVIC_EnableIRQ)
    __NVIC_EnableIRQ                         0x08002141   Thumb Code    54  zf_common_interrupt.o(.text.__NVIC_EnableIRQ)
    [Anonymous Symbol]                       0x08002178   Section        0  zf_common_interrupt.o(.text.__NVIC_SetPriority)
    __NVIC_SetPriority                       0x08002179   Thumb Code    74  zf_common_interrupt.o(.text.__NVIC_SetPriority)
    [Anonymous Symbol]                       0x080021c4   Section        0  zf_common_interrupt.o(.text.__NVIC_SetPriorityGrouping)
    __NVIC_SetPriorityGrouping               0x080021c5   Thumb Code    64  zf_common_interrupt.o(.text.__NVIC_SetPriorityGrouping)
    [Anonymous Symbol]                       0x08002204   Section        0  zf_driver_adc.o(.text.adc_convert)
    [Anonymous Symbol]                       0x080022a4   Section        0  zf_driver_gpio.o(.text.afio_init)
    [Anonymous Symbol]                       0x08002440   Section        0  zf_common_clock.o(.text.clock_init)
    [Anonymous Symbol]                       0x08002468   Section        0  zf_common_clock.o(.text.clock_reset)
    clock_reset                              0x08002469   Thumb Code   146  zf_common_clock.o(.text.clock_reset)
    [Anonymous Symbol]                       0x080024fc   Section        0  zf_common_clock.o(.text.clock_set_freq)
    clock_set_freq                           0x080024fd   Thumb Code   646  zf_common_clock.o(.text.clock_set_freq)
    [Anonymous Symbol]                       0x08002784   Section        0  zf_common_debug.o(.text.debug_assert_handler)
    [Anonymous Symbol]                       0x08002808   Section        0  zf_common_debug.o(.text.debug_delay)
    debug_delay                              0x08002809   Thumb Code    64  zf_common_debug.o(.text.debug_delay)
    [Anonymous Symbol]                       0x08002848   Section        0  zf_common_debug.o(.text.debug_init)
    [Anonymous Symbol]                       0x0800287c   Section        0  zf_common_debug.o(.text.debug_log_handler)
    [Anonymous Symbol]                       0x080028d8   Section        0  zf_common_debug.o(.text.debug_output)
    debug_output                             0x080028d9   Thumb Code  1044  zf_common_debug.o(.text.debug_output)
    [Anonymous Symbol]                       0x08002cec   Section        0  zf_common_debug.o(.text.debug_output_init)
    [Anonymous Symbol]                       0x08002d3c   Section        0  zf_common_debug.o(.text.debug_output_struct_init)
    [Anonymous Symbol]                       0x08002d70   Section        0  zf_common_debug.o(.text.debug_protective_handler)
    debug_protective_handler                 0x08002d71   Thumb Code   248  zf_common_debug.o(.text.debug_protective_handler)
    [Anonymous Symbol]                       0x08002e68   Section        0  zf_common_debug.o(.text.debug_uart_str_output)
    debug_uart_str_output                    0x08002e69   Thumb Code    30  zf_common_debug.o(.text.debug_uart_str_output)
    [Anonymous Symbol]                       0x08002e88   Section        0  zf_device_dl1a.o(.text.dl1a_get_distance)
    [Anonymous Symbol]                       0x08002f2c   Section        0  zf_device_dl1a.o(.text.dl1a_int_handler)
    [Anonymous Symbol]                       0x08002f34   Section        0  zf_device_dm1xa.o(.text.dm1xa_light_callback)
    [Anonymous Symbol]                       0x08002f74   Section        0  zf_device_dm1xa.o(.text.dm1xa_sound_callback)
    [Anonymous Symbol]                       0x08003080   Section        0  zf_driver_encoder.o(.text.encoder_clear_count)
    [Anonymous Symbol]                       0x08003114   Section        0  zf_driver_encoder.o(.text.encoder_get_count)
    [Anonymous Symbol]                       0x080031fc   Section        0  zf_driver_encoder.o(.text.encoder_quad_init)
    [Anonymous Symbol]                       0x08003370   Section        0  imu.o(.text.fast_sqrt)
    [Anonymous Symbol]                       0x080033dc   Section        0  zf_common_fifo.o(.text.fifo_clear)
    [Anonymous Symbol]                       0x080034a8   Section        0  zf_common_fifo.o(.text.fifo_end_offset)
    fifo_end_offset                          0x080034a9   Thumb Code    56  zf_common_fifo.o(.text.fifo_end_offset)
    [Anonymous Symbol]                       0x080034e0   Section        0  zf_common_fifo.o(.text.fifo_head_offset)
    fifo_head_offset                         0x080034e1   Thumb Code    56  zf_common_fifo.o(.text.fifo_head_offset)
    [Anonymous Symbol]                       0x08003518   Section        0  zf_common_fifo.o(.text.fifo_read_buffer)
    [Anonymous Symbol]                       0x08003754   Section        0  zf_common_fifo.o(.text.fifo_used)
    [Anonymous Symbol]                       0x08003788   Section        0  zf_common_fifo.o(.text.fifo_write_buffer)
    [Anonymous Symbol]                       0x080039e4   Section        0  zf_common_debug.o(.text.fputc)
    [Anonymous Symbol]                       0x08003a18   Section        0  zf_common_function.o(.text.func_get_greatest_common_divisor)
    [Anonymous Symbol]                       0x08003a64   Section        0  zf_driver_gpio.o(.text.gpio_get_level)
    [Anonymous Symbol]                       0x08003aa0   Section        0  zf_driver_gpio.o(.text.gpio_init)
    [Anonymous Symbol]                       0x08003ca4   Section        0  zf_driver_gpio.o(.text.gpio_set_level)
    [Anonymous Symbol]                       0x08003d10   Section        0  zf_device_gps_tau1201.o(.text.gps_uart_callback)
    [Anonymous Symbol]                       0x08003e5c   Section        0  zf_common_interrupt.o(.text.interrupt_enable)
    [Anonymous Symbol]                       0x08003e74   Section        0  zf_common_interrupt.o(.text.interrupt_global_disable)
    [Anonymous Symbol]                       0x08003e9c   Section        0  zf_common_interrupt.o(.text.interrupt_init)
    [Anonymous Symbol]                       0x08003ea8   Section        0  zf_common_interrupt.o(.text.interrupt_set_priority)
    [Anonymous Symbol]                       0x08003ecc   Section        0  main.o(.text.main)
    [Anonymous Symbol]                       0x08003fb8   Section        0  zf_device_mpu6050.o(.text.mpu6050_get_acc)
    [Anonymous Symbol]                       0x08004018   Section        0  zf_device_mpu6050.o(.text.mpu6050_get_gyro)
    [Anonymous Symbol]                       0x08004078   Section        0  zf_device_mpu6050.o(.text.mpu6050_init)
    [Anonymous Symbol]                       0x08004128   Section        0  zf_device_mpu6050.o(.text.mpu6050_self1_check)
    mpu6050_self1_check                      0x08004129   Thumb Code   124  zf_device_mpu6050.o(.text.mpu6050_self1_check)
    [Anonymous Symbol]                       0x080041a4   Section        0  main.o(.text.pit_handler)
    [Anonymous Symbol]                       0x080042c4   Section        0  zf_driver_pit.o(.text.pit_init)
    [Anonymous Symbol]                       0x08004400   Section        0  zf_driver_pwm.o(.text.pwm_init)
    [Anonymous Symbol]                       0x0800467c   Section        0  zf_driver_pwm.o(.text.pwm_set_duty)
    [Anonymous Symbol]                       0x080047cc   Section        0  zf_driver_soft_iic.o(.text.soft_iic_init)
    [Anonymous Symbol]                       0x0800487c   Section        0  zf_driver_soft_iic.o(.text.soft_iic_read_8bit_register)
    [Anonymous Symbol]                       0x08004910   Section        0  zf_driver_soft_iic.o(.text.soft_iic_read_8bit_registers)
    [Anonymous Symbol]                       0x080049d4   Section        0  zf_driver_soft_iic.o(.text.soft_iic_read_data)
    soft_iic_read_data                       0x080049d5   Thumb Code   388  zf_driver_soft_iic.o(.text.soft_iic_read_data)
    [Anonymous Symbol]                       0x08004b58   Section        0  zf_driver_soft_iic.o(.text.soft_iic_send_ack)
    soft_iic_send_ack                        0x08004b59   Thumb Code   310  zf_driver_soft_iic.o(.text.soft_iic_send_ack)
    [Anonymous Symbol]                       0x08004c90   Section        0  zf_driver_soft_iic.o(.text.soft_iic_send_data)
    soft_iic_send_data                       0x08004c91   Thumb Code   336  zf_driver_soft_iic.o(.text.soft_iic_send_data)
    [Anonymous Symbol]                       0x08004de0   Section        0  zf_driver_soft_iic.o(.text.soft_iic_start)
    soft_iic_start                           0x08004de1   Thumb Code   246  zf_driver_soft_iic.o(.text.soft_iic_start)
    [Anonymous Symbol]                       0x08004ed8   Section        0  zf_driver_soft_iic.o(.text.soft_iic_stop)
    soft_iic_stop                            0x08004ed9   Thumb Code   246  zf_driver_soft_iic.o(.text.soft_iic_stop)
    [Anonymous Symbol]                       0x08004fd0   Section        0  zf_driver_soft_iic.o(.text.soft_iic_wait_ack)
    soft_iic_wait_ack                        0x08004fd1   Thumb Code   280  zf_driver_soft_iic.o(.text.soft_iic_wait_ack)
    [Anonymous Symbol]                       0x080050e8   Section        0  zf_driver_soft_iic.o(.text.soft_iic_write_8bit_register)
    [Anonymous Symbol]                       0x08005160   Section        0  zf_driver_delay.o(.text.system_delay_ms)
    [Anonymous Symbol]                       0x08005210   Section        0  zf_driver_timer.o(.text.timer_clear)
    [Anonymous Symbol]                       0x080052c8   Section        0  zf_driver_timer.o(.text.timer_clock_enable)
    [Anonymous Symbol]                       0x08005384   Section        0  zf_driver_timer.o(.text.timer_funciton_check)
    [Anonymous Symbol]                       0x080053f8   Section        0  zf_driver_timer.o(.text.timer_get)
    [Anonymous Symbol]                       0x080054b4   Section        0  zf_device_tsl1401.o(.text.tsl1401_collect_pit_handler)
    [Anonymous Symbol]                       0x0800559c   Section        0  zf_device_type.o(.text.type_default_callback)
    type_default_callback                    0x0800559d   Thumb Code     2  zf_device_type.o(.text.type_default_callback)
    [Anonymous Symbol]                       0x080055a0   Section        0  zf_driver_uart.o(.text.uart_init)
    [Anonymous Symbol]                       0x0800584c   Section        0  zf_driver_uart.o(.text.uart_query_byte)
    [Anonymous Symbol]                       0x080058c0   Section        0  zf_driver_uart.o(.text.uart_write_byte)
    [Anonymous Symbol]                       0x0800590c   Section        0  zf_driver_uart.o(.text.uart_write_string)
    i.__0printf                              0x0800595c   Section        0  printfa.o(i.__0printf)
    i.__0sprintf                             0x0800597c   Section        0  printfa.o(i.__0sprintf)
    i.__ARM_fpclassify                       0x080059a4   Section        0  fpclassify.o(i.__ARM_fpclassify)
    i.__kernel_poly                          0x080059cc   Section        0  poly.o(i.__kernel_poly)
    i.__mathlib_dbl_infnan                   0x08005a76   Section        0  dunder.o(i.__mathlib_dbl_infnan)
    i.__mathlib_dbl_infnan2                  0x08005a7c   Section        0  dunder.o(i.__mathlib_dbl_infnan2)
    i.__mathlib_dbl_invalid                  0x08005a80   Section        0  dunder.o(i.__mathlib_dbl_invalid)
    i.__mathlib_dbl_underflow                0x08005a8c   Section        0  dunder.o(i.__mathlib_dbl_underflow)
    i.__scatterload_copy                     0x08005a9c   Section       14  handlers.o(i.__scatterload_copy)
    i.__scatterload_null                     0x08005aaa   Section        2  handlers.o(i.__scatterload_null)
    i.__scatterload_zeroinit                 0x08005aac   Section       14  handlers.o(i.__scatterload_zeroinit)
    i.__set_errno                            0x08005abc   Section        0  errno.o(i.__set_errno)
    i._fp_digits                             0x08005ac8   Section        0  printfa.o(i._fp_digits)
    _fp_digits                               0x08005ac9   Thumb Code   366  printfa.o(i._fp_digits)
    i._printf_core                           0x08005c4c   Section        0  printfa.o(i._printf_core)
    _printf_core                             0x08005c4d   Thumb Code  1744  printfa.o(i._printf_core)
    i._printf_post_padding                   0x08006328   Section        0  printfa.o(i._printf_post_padding)
    _printf_post_padding                     0x08006329   Thumb Code    36  printfa.o(i._printf_post_padding)
    i._printf_pre_padding                    0x0800634c   Section        0  printfa.o(i._printf_pre_padding)
    _printf_pre_padding                      0x0800634d   Thumb Code    46  printfa.o(i._printf_pre_padding)
    i._sputc                                 0x0800637a   Section        0  printfa.o(i._sputc)
    _sputc                                   0x0800637b   Thumb Code    10  printfa.o(i._sputc)
    i.asin                                   0x08006384   Section        0  asin.o(i.asin)
    i.atan                                   0x080065f4   Section        0  atan.o(i.atan)
    i.atan2                                  0x08006814   Section        0  atan2.o(i.atan2)
    i.sqrt                                   0x08006994   Section        0  sqrt.o(i.sqrt)
    .constdata                               0x080069e0   Section       80  asin.o(.constdata)
    pS                                       0x080069e0   Data          48  asin.o(.constdata)
    qS                                       0x08006a10   Data          32  asin.o(.constdata)
    .constdata                               0x08006a30   Section      152  atan.o(.constdata)
    atanhi                                   0x08006a30   Data          32  atan.o(.constdata)
    atanlo                                   0x08006a50   Data          32  atan.o(.constdata)
    aTodd                                    0x08006a70   Data          40  atan.o(.constdata)
    aTeven                                   0x08006a98   Data          48  atan.o(.constdata)
    .constdata                               0x08006ac8   Section        8  qnan.o(.constdata)
    [Anonymous Symbol]                       0x08006ad0   Section        0  zf_common_debug.o(.rodata.debug_protective_handler.pin_list)
    debug_protective_handler.pin_list        0x08006ad0   Data         172  zf_common_debug.o(.rodata.debug_protective_handler.pin_list)
    [Anonymous Symbol]                       0x08006b7c   Section        0  main.o(.rodata.str1.1)
    .L.str                                   0x08006b7c   Data          10  main.o(.rodata.str1.1)
    [Anonymous Symbol]                       0x08006b86   Section        0  zf_common_debug.o(.rodata.str1.1)
    .L.str.6                                 0x08006b86   Data          21  zf_common_debug.o(.rodata.str1.1)
    .L.str.5                                 0x08006b9b   Data          25  zf_common_debug.o(.rodata.str1.1)
    .L.str.4                                 0x08006bb4   Data           9  zf_common_debug.o(.rodata.str1.1)
    .L.str.1                                 0x08006bbd   Data          12  zf_common_debug.o(.rodata.str1.1)
    .L.str                                   0x08006bc9   Data          13  zf_common_debug.o(.rodata.str1.1)
    .L.str.2                                 0x08006bd6   Data           9  zf_common_debug.o(.rodata.str1.1)
    .L.str.3                                 0x08006bdf   Data          13  zf_common_debug.o(.rodata.str1.1)
    [Anonymous Symbol]                       0x08006bec   Section        0  zf_common_fifo.o(.rodata.str1.1)
    .L.str                                   0x08006bec   Data          43  zf_common_fifo.o(.rodata.str1.1)
    [Anonymous Symbol]                       0x08006c17   Section        0  zf_driver_delay.o(.rodata.str1.1)
    .L.str                                   0x08006c17   Data          44  zf_driver_delay.o(.rodata.str1.1)
    [Anonymous Symbol]                       0x08006c43   Section        0  zf_driver_encoder.o(.rodata.str1.1)
    .L.str                                   0x08006c43   Data          46  zf_driver_encoder.o(.rodata.str1.1)
    [Anonymous Symbol]                       0x08006c71   Section        0  zf_driver_pit.o(.rodata.str1.1)
    .L.str                                   0x08006c71   Data          42  zf_driver_pit.o(.rodata.str1.1)
    [Anonymous Symbol]                       0x08006c9b   Section        0  zf_driver_pwm.o(.rodata.str1.1)
    .L.str                                   0x08006c9b   Data          42  zf_driver_pwm.o(.rodata.str1.1)
    [Anonymous Symbol]                       0x08006cc5   Section        0  zf_driver_soft_iic.o(.rodata.str1.1)
    .L.str                                   0x08006cc5   Data          47  zf_driver_soft_iic.o(.rodata.str1.1)
    [Anonymous Symbol]                       0x08006cf4   Section        0  zf_driver_uart.o(.rodata.str1.1)
    .L.str                                   0x08006cf4   Data          43  zf_driver_uart.o(.rodata.str1.1)
    [Anonymous Symbol]                       0x08006d1f   Section        0  zf_device_gps_tau1201.o(.rodata.str1.1)
    .L.str.1                                 0x08006d1f   Data           4  zf_device_gps_tau1201.o(.rodata.str1.1)
    .L.str                                   0x08006d23   Data           4  zf_device_gps_tau1201.o(.rodata.str1.1)
    [Anonymous Symbol]                       0x08006d27   Section        0  zf_device_mpu6050.o(.rodata.str1.1)
    .L.str                                   0x08006d27   Data          26  zf_device_mpu6050.o(.rodata.str1.1)
    .L.str.1                                 0x08006d41   Data          46  zf_device_mpu6050.o(.rodata.str1.1)
    .data                                    0x20000000   Section        4  stdout.o(.data)
    .data                                    0x20000004   Section        4  errno.o(.data)
    _errno                                   0x20000004   Data           4  errno.o(.data)
    [Anonymous Symbol]                       0x20000008   Section        0  zf_driver_adc.o(.data.adc_index)
    adc_index                                0x20000008   Data           8  zf_driver_adc.o(.data.adc_index)
    [Anonymous Symbol]                       0x20000026   Section        0  zf_device_dm1xa.o(.data.dm1xa_distance_mm)
    dm1xa_distance_mm                        0x20000026   Data           2  zf_device_dm1xa.o(.data.dm1xa_distance_mm)
    [Anonymous Symbol]                       0x20000028   Section        0  zf_driver_encoder.o(.data.encoder_dir_pin)
    encoder_dir_pin                          0x20000028   Data           8  zf_driver_encoder.o(.data.encoder_dir_pin)
    [Anonymous Symbol]                       0x20000064   Section        0  zf_driver_uart.o(.data.uart_index)
    uart_index                               0x20000064   Data          32  zf_driver_uart.o(.data.uart_index)
    [Anonymous Symbol]                       0x20000088   Section        0  zf_common_debug.o(.data.zf_debug_assert_enable)
    zf_debug_assert_enable                   0x20000088   Data           1  zf_common_debug.o(.data.zf_debug_assert_enable)
    [Anonymous Symbol]                       0x20000094   Section        0  zf_driver_adc.o(.bss.adc_resolution)
    adc_resolution                           0x20000094   Data           2  zf_driver_adc.o(.bss.adc_resolution)
    [Anonymous Symbol]                       0x200000a0   Section        0  zf_common_debug.o(.bss.debug_assert_handler.assert_nest_index)
    debug_assert_handler.assert_nest_index   0x200000a0   Data           1  zf_common_debug.o(.bss.debug_assert_handler.assert_nest_index)
    [Anonymous Symbol]                       0x200000a4   Section        0  zf_common_debug.o(.bss.debug_output_info)
    debug_output_info                        0x200000a4   Data          20  zf_common_debug.o(.bss.debug_output_info)
    [Anonymous Symbol]                       0x200000bc   Section        0  zf_device_dl1a.o(.bss.dl1a_iic_struct)
    dl1a_iic_struct                          0x200000bc   Data          16  zf_device_dl1a.o(.bss.dl1a_iic_struct)
    [Anonymous Symbol]                       0x200000cc   Section        0  zf_device_dm1xa.o(.bss.dm1xa_plus_count)
    dm1xa_plus_count                         0x200000cc   Data           4  zf_device_dm1xa.o(.bss.dm1xa_plus_count)
    [Anonymous Symbol]                       0x200000d0   Section        0  zf_device_dm1xa.o(.bss.dm1xa_ranging_state)
    dm1xa_ranging_state                      0x200000d0   Data           1  zf_device_dm1xa.o(.bss.dm1xa_ranging_state)
    [Anonymous Symbol]                       0x200000d1   Section        0  zf_device_dm1xa.o(.bss.dm1xa_type)
    dm1xa_type                               0x200000d1   Data           1  zf_device_dm1xa.o(.bss.dm1xa_type)
    [Anonymous Symbol]                       0x200000e4   Section        0  zf_device_gps_tau1201.o(.bss.gps_gga_buffer)
    gps_gga_buffer                           0x200000e4   Data         128  zf_device_gps_tau1201.o(.bss.gps_gga_buffer)
    [Anonymous Symbol]                       0x20000165   Section        0  zf_device_gps_tau1201.o(.bss.gps_rmc_buffer)
    gps_rmc_buffer                           0x20000165   Data         128  zf_device_gps_tau1201.o(.bss.gps_rmc_buffer)
    [Anonymous Symbol]                       0x200001e8   Section        0  zf_device_gps_tau1201.o(.bss.gps_tau1201_receiver_fifo)
    gps_tau1201_receiver_fifo                0x200001e8   Data          24  zf_device_gps_tau1201.o(.bss.gps_tau1201_receiver_fifo)
    [Anonymous Symbol]                       0x20000200   Section        0  zf_device_gps_tau1201.o(.bss.gps_tau1201_state)
    gps_tau1201_state                        0x20000200   Data           1  zf_device_gps_tau1201.o(.bss.gps_tau1201_state)
    [Anonymous Symbol]                       0x20000234   Section        0  zf_common_interrupt.o(.bss.interrupt_nest_count)
    interrupt_nest_count                     0x20000234   Data           4  zf_common_interrupt.o(.bss.interrupt_nest_count)
    [Anonymous Symbol]                       0x20000248   Section        0  zf_device_mpu6050.o(.bss.mpu6050_iic_struct)
    mpu6050_iic_struct                       0x20000248   Data          16  zf_device_mpu6050.o(.bss.mpu6050_iic_struct)
    [Anonymous Symbol]                       0x20000262   Section        0  zf_driver_timer.o(.bss.timer_function_state)
    timer_function_state                     0x20000262   Data           8  zf_driver_timer.o(.bss.timer_function_state)
    [Anonymous Symbol]                       0x2000026a   Section        0  zf_driver_timer.o(.bss.timer_mode_state)
    timer_mode_state                         0x2000026a   Data           8  zf_driver_timer.o(.bss.timer_mode_state)
    [Anonymous Symbol]                       0x20000473   Section        0  zf_device_tsl1401.o(.bss.tsl1401_init_state)
    tsl1401_init_state                       0x20000473   Data           1  zf_device_tsl1401.o(.bss.tsl1401_init_state)
    [Anonymous Symbol]                       0x20000474   Section        0  zf_common_debug.o(.bss.zf_debug_init_flag)
    zf_debug_init_flag                       0x20000474   Data           1  zf_common_debug.o(.bss.zf_debug_init_flag)

    Global Symbols

    Symbol Name                              Value     Ov Type        Size  Object(Section)

    BuildAttributes$$THM_ISAv4$P$D$K$B$S$PE$A:L22UL41UL21$X:L11$S22US41US21$IEEE1$IW$~IW$USESV6$~STKCKD$USESV7$~SHL$OTIME$ROPI$IEEEX$EBA8$MICROLIB$REQ8$PRES8$EABIv2 0x00000000   Number         0  anon$$obj.o ABSOLUTE
    __cpp_initialize__aeabi_                  - Undefined Weak Reference
    __cxa_finalize                            - Undefined Weak Reference
    __decompress                              - Undefined Weak Reference
    _clock_init                               - Undefined Weak Reference
    _microlib_exit                            - Undefined Weak Reference
    __Vectors_Size                           0x00000190   Number         0  startup_mm32f3277g.o ABSOLUTE
    __Vectors                                0x08000000   Data           4  startup_mm32f3277g.o(RESET)
    __Vectors_End                            0x08000190   Data           0  startup_mm32f3277g.o(RESET)
    __main                                   0x08000401   Thumb Code     0  entry.o(.ARM.Collect$$$$00000000)
    _main_stk                                0x08000401   Thumb Code     0  entry4.o(.ARM.Collect$$$$00000003)
    _main_scatterload                        0x08000405   Thumb Code     0  entry5.o(.ARM.Collect$$$$00000004)
    __main_after_scatterload                 0x08000409   Thumb Code     0  entry5.o(.ARM.Collect$$$$00000004)
    _main_clock                              0x08000409   Thumb Code     0  entry7b.o(.ARM.Collect$$$$00000008)
    _main_cpp_init                           0x08000409   Thumb Code     0  entry8b.o(.ARM.Collect$$$$0000000A)
    _main_init                               0x08000409   Thumb Code     0  entry9a.o(.ARM.Collect$$$$0000000B)
    __rt_final_cpp                           0x08000411   Thumb Code     0  entry10a.o(.ARM.Collect$$$$0000000D)
    __rt_final_exit                          0x08000411   Thumb Code     0  entry11a.o(.ARM.Collect$$$$0000000F)
    Reset_Handler                            0x08000415   Thumb Code     8  startup_mm32f3277g.o(.text)
    NMI_Handler                              0x0800041d   Thumb Code     2  startup_mm32f3277g.o(.text)
    HardFault_Handler                        0x0800041f   Thumb Code     2  startup_mm32f3277g.o(.text)
    MemManage_Handler                        0x08000421   Thumb Code     2  startup_mm32f3277g.o(.text)
    BusFault_Handler                         0x08000423   Thumb Code     2  startup_mm32f3277g.o(.text)
    UsageFault_Handler                       0x08000425   Thumb Code     2  startup_mm32f3277g.o(.text)
    SVC_Handler                              0x08000427   Thumb Code     2  startup_mm32f3277g.o(.text)
    DebugMon_Handler                         0x08000429   Thumb Code     2  startup_mm32f3277g.o(.text)
    PendSV_Handler                           0x0800042b   Thumb Code     2  startup_mm32f3277g.o(.text)
    SysTick_Handler                          0x0800042d   Thumb Code     2  startup_mm32f3277g.o(.text)
    ADC1_2_IRQHandler                        0x0800042f   Thumb Code     0  startup_mm32f3277g.o(.text)
    ADC3_IRQHandler                          0x0800042f   Thumb Code     0  startup_mm32f3277g.o(.text)
    CAN1_RX_IRQHandler                       0x0800042f   Thumb Code     0  startup_mm32f3277g.o(.text)
    COMP1_2_IRQHandler                       0x0800042f   Thumb Code     0  startup_mm32f3277g.o(.text)
    ETH_IRQHandler                           0x0800042f   Thumb Code     0  startup_mm32f3277g.o(.text)
    FLASH_IRQHandler                         0x0800042f   Thumb Code     0  startup_mm32f3277g.o(.text)
    FlashCache_IRQHandler                    0x0800042f   Thumb Code     0  startup_mm32f3277g.o(.text)
    I2C1_IRQHandler                          0x0800042f   Thumb Code     0  startup_mm32f3277g.o(.text)
    I2C2_IRQHandler                          0x0800042f   Thumb Code     0  startup_mm32f3277g.o(.text)
    OTG_FS_IRQHandler                        0x0800042f   Thumb Code     0  startup_mm32f3277g.o(.text)
    OTG_FS_WKUP_IRQHandler                   0x0800042f   Thumb Code     0  startup_mm32f3277g.o(.text)
    PVD_IRQHandler                           0x0800042f   Thumb Code     0  startup_mm32f3277g.o(.text)
    RCC_CRS_IRQHandler                       0x0800042f   Thumb Code     0  startup_mm32f3277g.o(.text)
    RTCAlarm_IRQHandler                      0x0800042f   Thumb Code     0  startup_mm32f3277g.o(.text)
    RTC_IRQHandler                           0x0800042f   Thumb Code     0  startup_mm32f3277g.o(.text)
    SDIO_IRQHandler                          0x0800042f   Thumb Code     0  startup_mm32f3277g.o(.text)
    SPI1_IRQHandler                          0x0800042f   Thumb Code     0  startup_mm32f3277g.o(.text)
    SPI2_IRQHandler                          0x0800042f   Thumb Code     0  startup_mm32f3277g.o(.text)
    SPI3_IRQHandler                          0x0800042f   Thumb Code     0  startup_mm32f3277g.o(.text)
    TAMPER_IRQHandler                        0x0800042f   Thumb Code     0  startup_mm32f3277g.o(.text)
    TIM1_BRK_IRQHandler                      0x0800042f   Thumb Code     0  startup_mm32f3277g.o(.text)
    TIM1_CC_IRQHandler                       0x0800042f   Thumb Code     0  startup_mm32f3277g.o(.text)
    TIM1_TRG_COM_IRQHandler                  0x0800042f   Thumb Code     0  startup_mm32f3277g.o(.text)
    TIM8_BRK_IRQHandler                      0x0800042f   Thumb Code     0  startup_mm32f3277g.o(.text)
    TIM8_CC_IRQHandler                       0x0800042f   Thumb Code     0  startup_mm32f3277g.o(.text)
    TIM8_TRG_COM_IRQHandler                  0x0800042f   Thumb Code     0  startup_mm32f3277g.o(.text)
    WWDG_IRQHandler                          0x0800042f   Thumb Code     0  startup_mm32f3277g.o(.text)
    __aeabi_memcpy                           0x08000439   Thumb Code    36  memcpya.o(.text)
    __aeabi_memcpy4                          0x08000439   Thumb Code     0  memcpya.o(.text)
    __aeabi_memcpy8                          0x08000439   Thumb Code     0  memcpya.o(.text)
    __aeabi_memset                           0x0800045d   Thumb Code    14  memseta.o(.text)
    __aeabi_memset4                          0x0800045d   Thumb Code     0  memseta.o(.text)
    __aeabi_memset8                          0x0800045d   Thumb Code     0  memseta.o(.text)
    __aeabi_memclr                           0x0800046b   Thumb Code     4  memseta.o(.text)
    __aeabi_memclr4                          0x0800046b   Thumb Code     0  memseta.o(.text)
    __aeabi_memclr8                          0x0800046b   Thumb Code     0  memseta.o(.text)
    _memset$wrapper                          0x0800046f   Thumb Code    18  memseta.o(.text)
    strlen                                   0x08000481   Thumb Code    14  strlen.o(.text)
    strncmp                                  0x0800048f   Thumb Code    30  strncmp.o(.text)
    __aeabi_fadd                             0x080004ad   Thumb Code   164  fadd.o(.text)
    __aeabi_fsub                             0x08000551   Thumb Code     6  fadd.o(.text)
    __aeabi_frsub                            0x08000557   Thumb Code     6  fadd.o(.text)
    __aeabi_fmul                             0x0800055d   Thumb Code   100  fmul.o(.text)
    __aeabi_fdiv                             0x080005c1   Thumb Code   124  fdiv.o(.text)
    __aeabi_dadd                             0x0800063d   Thumb Code   322  dadd.o(.text)
    __aeabi_dsub                             0x0800077f   Thumb Code     6  dadd.o(.text)
    __aeabi_drsub                            0x08000785   Thumb Code     6  dadd.o(.text)
    __aeabi_dmul                             0x0800078b   Thumb Code   228  dmul.o(.text)
    __aeabi_ddiv                             0x0800086f   Thumb Code   222  ddiv.o(.text)
    __aeabi_fcmpge                           0x0800094d   Thumb Code    28  fcmpge.o(.text)
    __aeabi_fcmpgt                           0x08000969   Thumb Code    28  fcmpgt.o(.text)
    __aeabi_dcmpge                           0x08000985   Thumb Code    54  dcmpge.o(.text)
    __aeabi_dcmpgt                           0x080009bb   Thumb Code    54  dcmpgt.o(.text)
    __aeabi_i2f                              0x080009f1   Thumb Code    18  fflti.o(.text)
    __aeabi_ui2f                             0x08000a03   Thumb Code    10  ffltui.o(.text)
    __aeabi_f2iz                             0x08000a0d   Thumb Code    50  ffixi.o(.text)
    __aeabi_f2uiz                            0x08000a3f   Thumb Code    40  ffixui.o(.text)
    __aeabi_d2uiz                            0x08000a67   Thumb Code    50  dfixui.o(.text)
    __aeabi_f2d                              0x08000a99   Thumb Code    38  f2d.o(.text)
    __aeabi_d2f                              0x08000abf   Thumb Code    56  d2f.o(.text)
    __aeabi_uidiv                            0x08000af7   Thumb Code     0  uidiv.o(.text)
    __aeabi_uidivmod                         0x08000af7   Thumb Code    44  uidiv.o(.text)
    __aeabi_uldivmod                         0x08000b23   Thumb Code    98  uldiv.o(.text)
    __aeabi_llsl                             0x08000b85   Thumb Code    30  llshl.o(.text)
    _ll_shift_l                              0x08000b85   Thumb Code     0  llshl.o(.text)
    __aeabi_llsr                             0x08000ba3   Thumb Code    32  llushr.o(.text)
    _ll_ushift_r                             0x08000ba3   Thumb Code     0  llushr.o(.text)
    __aeabi_lasr                             0x08000bc3   Thumb Code    36  llsshr.o(.text)
    _ll_sshift_r                             0x08000bc3   Thumb Code     0  llsshr.o(.text)
    __I$use$fp                               0x08000be7   Thumb Code     0  iusefp.o(.text)
    _float_round                             0x08000be7   Thumb Code    18  fepilogue.o(.text)
    _float_epilogue                          0x08000bf9   Thumb Code    92  fepilogue.o(.text)
    _double_round                            0x08000c55   Thumb Code    30  depilogue.o(.text)
    _double_epilogue                         0x08000c73   Thumb Code   156  depilogue.o(.text)
    __ARM_scalbn                             0x08000d0f   Thumb Code    46  dscalb.o(.text)
    scalbn                                   0x08000d0f   Thumb Code     0  dscalb.o(.text)
    _dsqrt                                   0x08000d3d   Thumb Code   162  dsqrt.o(.text)
    __aeabi_d2ulz                            0x08000ddf   Thumb Code    48  dfixul.o(.text)
    __aeabi_cdrcmple                         0x08000e11   Thumb Code    48  cdrcmple.o(.text)
    __scatterload                            0x08000e41   Thumb Code    28  init.o(.text)
    __scatterload_rt2                        0x08000e41   Thumb Code     0  init.o(.text)
    Angle_PID_Control                        0x08000e65   Thumb Code   166  main.o(.text.Angle_PID_Control)
    DMA1_Channel1_IRQHandler                 0x08000f0d   Thumb Code    34  isr.o(.text.DMA1_Channel1_IRQHandler)
    DMA1_Channel2_IRQHandler                 0x08000f31   Thumb Code    34  isr.o(.text.DMA1_Channel2_IRQHandler)
    DMA1_Channel3_IRQHandler                 0x08000f55   Thumb Code    34  isr.o(.text.DMA1_Channel3_IRQHandler)
    DMA1_Channel4_IRQHandler                 0x08000f79   Thumb Code    52  isr.o(.text.DMA1_Channel4_IRQHandler)
    DMA1_Channel5_IRQHandler                 0x08000fad   Thumb Code    34  isr.o(.text.DMA1_Channel5_IRQHandler)
    DMA1_Channel6_IRQHandler                 0x08000fd1   Thumb Code    34  isr.o(.text.DMA1_Channel6_IRQHandler)
    DMA1_Channel7_IRQHandler                 0x08000ff5   Thumb Code    34  isr.o(.text.DMA1_Channel7_IRQHandler)
    DMA2_Channel1_IRQHandler                 0x08001019   Thumb Code    38  isr.o(.text.DMA2_Channel1_IRQHandler)
    DMA2_Channel2_IRQHandler                 0x08001041   Thumb Code    38  isr.o(.text.DMA2_Channel2_IRQHandler)
    DMA2_Channel3_IRQHandler                 0x08001069   Thumb Code    38  isr.o(.text.DMA2_Channel3_IRQHandler)
    DMA2_Channel4_IRQHandler                 0x08001091   Thumb Code    38  isr.o(.text.DMA2_Channel4_IRQHandler)
    DMA2_Channel5_IRQHandler                 0x080010b9   Thumb Code    38  isr.o(.text.DMA2_Channel5_IRQHandler)
    EXTI0_IRQHandler                         0x080010e1   Thumb Code    18  isr.o(.text.EXTI0_IRQHandler)
    EXTI15_10_IRQHandler                     0x080010f5   Thumb Code   236  isr.o(.text.EXTI15_10_IRQHandler)
    EXTI1_IRQHandler                         0x080011e1   Thumb Code    18  isr.o(.text.EXTI1_IRQHandler)
    EXTI2_IRQHandler                         0x080011f5   Thumb Code    18  isr.o(.text.EXTI2_IRQHandler)
    EXTI3_IRQHandler                         0x08001209   Thumb Code    18  isr.o(.text.EXTI3_IRQHandler)
    EXTI4_IRQHandler                         0x0800121d   Thumb Code    28  isr.o(.text.EXTI4_IRQHandler)
    EXTI9_5_IRQHandler                       0x08001239   Thumb Code   200  isr.o(.text.EXTI9_5_IRQHandler)
    IMU_AHRSupdate                           0x08001301   Thumb Code  1150  imu.o(.text.IMU_AHRSupdate)
    IMU_GetValues                            0x08001781   Thumb Code   232  imu.o(.text.IMU_GetValues)
    IMU_getEuleranAngles                     0x08001869   Thumb Code   834  imu.o(.text.IMU_getEuleranAngles)
    Motor_Init                               0x08001bad   Thumb Code    94  main.o(.text.Motor_Init)
    Motor_SetSpeed                           0x08001c0d   Thumb Code   482  main.o(.text.Motor_SetSpeed)
    SystemInit                               0x08001df1   Thumb Code    16  system_mm32f3277g.o(.text.SystemInit)
    TIM1_UP_IRQHandler                       0x08001e01   Thumb Code    20  isr.o(.text.TIM1_UP_IRQHandler)
    TIM2_IRQHandler                          0x08001e15   Thumb Code    18  isr.o(.text.TIM2_IRQHandler)
    TIM3_IRQHandler                          0x08001e29   Thumb Code    20  isr.o(.text.TIM3_IRQHandler)
    TIM4_IRQHandler                          0x08001e3d   Thumb Code    20  isr.o(.text.TIM4_IRQHandler)
    TIM5_IRQHandler                          0x08001e51   Thumb Code    20  isr.o(.text.TIM5_IRQHandler)
    TIM6_IRQHandler                          0x08001e65   Thumb Code    32  isr.o(.text.TIM6_IRQHandler)
    TIM7_IRQHandler                          0x08001e85   Thumb Code    20  isr.o(.text.TIM7_IRQHandler)
    TIM8_UP_IRQHandler                       0x08001e99   Thumb Code    32  isr.o(.text.TIM8_UP_IRQHandler)
    UART1_IRQHandler                         0x08001eb9   Thumb Code    74  isr.o(.text.UART1_IRQHandler)
    UART2_IRQHandler                         0x08001f05   Thumb Code    84  isr.o(.text.UART2_IRQHandler)
    UART3_IRQHandler                         0x08001f59   Thumb Code    74  isr.o(.text.UART3_IRQHandler)
    UART4_IRQHandler                         0x08001fa5   Thumb Code    74  isr.o(.text.UART4_IRQHandler)
    UART5_IRQHandler                         0x08001ff1   Thumb Code    74  isr.o(.text.UART5_IRQHandler)
    UART6_IRQHandler                         0x0800203d   Thumb Code    92  isr.o(.text.UART6_IRQHandler)
    UART7_IRQHandler                         0x08002099   Thumb Code    74  isr.o(.text.UART7_IRQHandler)
    UART8_IRQHandler                         0x080020e5   Thumb Code    92  isr.o(.text.UART8_IRQHandler)
    adc_convert                              0x08002205   Thumb Code   158  zf_driver_adc.o(.text.adc_convert)
    afio_init                                0x080022a5   Thumb Code   410  zf_driver_gpio.o(.text.afio_init)
    clock_init                               0x08002441   Thumb Code    40  zf_common_clock.o(.text.clock_init)
    debug_assert_handler                     0x08002785   Thumb Code   132  zf_common_debug.o(.text.debug_assert_handler)
    debug_init                               0x08002849   Thumb Code    50  zf_common_debug.o(.text.debug_init)
    debug_log_handler                        0x0800287d   Thumb Code    90  zf_common_debug.o(.text.debug_log_handler)
    debug_output_init                        0x08002ced   Thumb Code    80  zf_common_debug.o(.text.debug_output_init)
    debug_output_struct_init                 0x08002d3d   Thumb Code    52  zf_common_debug.o(.text.debug_output_struct_init)
    dl1a_get_distance                        0x08002e89   Thumb Code   164  zf_device_dl1a.o(.text.dl1a_get_distance)
    dl1a_int_handler                         0x08002f2d   Thumb Code     8  zf_device_dl1a.o(.text.dl1a_int_handler)
    dm1xa_light_callback                     0x08002f35   Thumb Code    62  zf_device_dm1xa.o(.text.dm1xa_light_callback)
    dm1xa_sound_callback                     0x08002f75   Thumb Code   266  zf_device_dm1xa.o(.text.dm1xa_sound_callback)
    encoder_clear_count                      0x08003081   Thumb Code   148  zf_driver_encoder.o(.text.encoder_clear_count)
    encoder_get_count                        0x08003115   Thumb Code   230  zf_driver_encoder.o(.text.encoder_get_count)
    encoder_quad_init                        0x080031fd   Thumb Code   372  zf_driver_encoder.o(.text.encoder_quad_init)
    fast_sqrt                                0x08003371   Thumb Code   106  imu.o(.text.fast_sqrt)
    fifo_clear                               0x080033dd   Thumb Code   202  zf_common_fifo.o(.text.fifo_clear)
    fifo_read_buffer                         0x08003519   Thumb Code   572  zf_common_fifo.o(.text.fifo_read_buffer)
    fifo_used                                0x08003755   Thumb Code    52  zf_common_fifo.o(.text.fifo_used)
    fifo_write_buffer                        0x08003789   Thumb Code   602  zf_common_fifo.o(.text.fifo_write_buffer)
    fputc                                    0x080039e5   Thumb Code    50  zf_common_debug.o(.text.fputc)
    func_get_greatest_common_divisor         0x08003a19   Thumb Code    74  zf_common_function.o(.text.func_get_greatest_common_divisor)
    gpio_get_level                           0x08003a65   Thumb Code    58  zf_driver_gpio.o(.text.gpio_get_level)
    gpio_init                                0x08003aa1   Thumb Code   516  zf_driver_gpio.o(.text.gpio_init)
    gpio_set_level                           0x08003ca5   Thumb Code   108  zf_driver_gpio.o(.text.gpio_set_level)
    gps_uart_callback                        0x08003d11   Thumb Code   332  zf_device_gps_tau1201.o(.text.gps_uart_callback)
    interrupt_enable                         0x08003e5d   Thumb Code    24  zf_common_interrupt.o(.text.interrupt_enable)
    interrupt_global_disable                 0x08003e75   Thumb Code    38  zf_common_interrupt.o(.text.interrupt_global_disable)
    interrupt_init                           0x08003e9d   Thumb Code    10  zf_common_interrupt.o(.text.interrupt_init)
    interrupt_set_priority                   0x08003ea9   Thumb Code    36  zf_common_interrupt.o(.text.interrupt_set_priority)
    main                                     0x08003ecd   Thumb Code   234  main.o(.text.main)
    mpu6050_get_acc                          0x08003fb9   Thumb Code    94  zf_device_mpu6050.o(.text.mpu6050_get_acc)
    mpu6050_get_gyro                         0x08004019   Thumb Code    94  zf_device_mpu6050.o(.text.mpu6050_get_gyro)
    mpu6050_init                             0x08004079   Thumb Code   174  zf_device_mpu6050.o(.text.mpu6050_init)
    pit_handler                              0x080041a5   Thumb Code   286  main.o(.text.pit_handler)
    pit_init                                 0x080042c5   Thumb Code   316  zf_driver_pit.o(.text.pit_init)
    pwm_init                                 0x08004401   Thumb Code   636  zf_driver_pwm.o(.text.pwm_init)
    pwm_set_duty                             0x0800467d   Thumb Code   334  zf_driver_pwm.o(.text.pwm_set_duty)
    soft_iic_init                            0x080047cd   Thumb Code   176  zf_driver_soft_iic.o(.text.soft_iic_init)
    soft_iic_read_8bit_register              0x0800487d   Thumb Code   148  zf_driver_soft_iic.o(.text.soft_iic_read_8bit_register)
    soft_iic_read_8bit_registers             0x08004911   Thumb Code   196  zf_driver_soft_iic.o(.text.soft_iic_read_8bit_registers)
    soft_iic_write_8bit_register             0x080050e9   Thumb Code   120  zf_driver_soft_iic.o(.text.soft_iic_write_8bit_register)
    system_delay_ms                          0x08005161   Thumb Code   174  zf_driver_delay.o(.text.system_delay_ms)
    timer_clear                              0x08005211   Thumb Code   182  zf_driver_timer.o(.text.timer_clear)
    timer_clock_enable                       0x080052c9   Thumb Code   186  zf_driver_timer.o(.text.timer_clock_enable)
    timer_funciton_check                     0x08005385   Thumb Code   114  zf_driver_timer.o(.text.timer_funciton_check)
    timer_get                                0x080053f9   Thumb Code   186  zf_driver_timer.o(.text.timer_get)
    tsl1401_collect_pit_handler              0x080054b5   Thumb Code   230  zf_device_tsl1401.o(.text.tsl1401_collect_pit_handler)
    uart_init                                0x080055a1   Thumb Code   684  zf_driver_uart.o(.text.uart_init)
    uart_query_byte                          0x0800584d   Thumb Code   116  zf_driver_uart.o(.text.uart_query_byte)
    uart_write_byte                          0x080058c1   Thumb Code    74  zf_driver_uart.o(.text.uart_write_byte)
    uart_write_string                        0x0800590d   Thumb Code    80  zf_driver_uart.o(.text.uart_write_string)
    __0printf                                0x0800595d   Thumb Code    22  printfa.o(i.__0printf)
    __1printf                                0x0800595d   Thumb Code     0  printfa.o(i.__0printf)
    __2printf                                0x0800595d   Thumb Code     0  printfa.o(i.__0printf)
    __c89printf                              0x0800595d   Thumb Code     0  printfa.o(i.__0printf)
    printf                                   0x0800595d   Thumb Code     0  printfa.o(i.__0printf)
    __0sprintf                               0x0800597d   Thumb Code    34  printfa.o(i.__0sprintf)
    __1sprintf                               0x0800597d   Thumb Code     0  printfa.o(i.__0sprintf)
    __2sprintf                               0x0800597d   Thumb Code     0  printfa.o(i.__0sprintf)
    __c89sprintf                             0x0800597d   Thumb Code     0  printfa.o(i.__0sprintf)
    sprintf                                  0x0800597d   Thumb Code     0  printfa.o(i.__0sprintf)
    __ARM_fpclassify                         0x080059a5   Thumb Code    40  fpclassify.o(i.__ARM_fpclassify)
    __kernel_poly                            0x080059cd   Thumb Code   170  poly.o(i.__kernel_poly)
    __mathlib_dbl_infnan                     0x08005a77   Thumb Code     6  dunder.o(i.__mathlib_dbl_infnan)
    __mathlib_dbl_infnan2                    0x08005a7d   Thumb Code     4  dunder.o(i.__mathlib_dbl_infnan2)
    __mathlib_dbl_invalid                    0x08005a81   Thumb Code    12  dunder.o(i.__mathlib_dbl_invalid)
    __mathlib_dbl_underflow                  0x08005a8d   Thumb Code    10  dunder.o(i.__mathlib_dbl_underflow)
    __scatterload_copy                       0x08005a9d   Thumb Code    14  handlers.o(i.__scatterload_copy)
    __scatterload_null                       0x08005aab   Thumb Code     2  handlers.o(i.__scatterload_null)
    __scatterload_zeroinit                   0x08005aad   Thumb Code    14  handlers.o(i.__scatterload_zeroinit)
    __set_errno                              0x08005abd   Thumb Code     6  errno.o(i.__set_errno)
    asin                                     0x08006385   Thumb Code   572  asin.o(i.asin)
    atan                                     0x080065f5   Thumb Code   474  atan.o(i.atan)
    atan2                                    0x08006815   Thumb Code   346  atan2.o(i.atan2)
    sqrt                                     0x08006995   Thumb Code    76  sqrt.o(i.sqrt)
    __mathlib_zero                           0x08006ac8   Data           8  qnan.o(.constdata)
    Region$$Table$$Base                      0x08006d70   Number         0  anon$$obj.o(Region$$Table)
    Region$$Table$$Limit                     0x08006d90   Number         0  anon$$obj.o(Region$$Table)
    __stdout                                 0x20000000   Data           4  stdout.o(.data)
    angle_kd                                 0x20000010   Data           4  main.o(.data.angle_kd)
    angle_kp                                 0x20000014   Data           4  main.o(.data.angle_kp)
    camera_dma_handler                       0x20000018   Data           4  zf_device_type.o(.data.camera_dma_handler)
    camera_uart_handler                      0x2000001c   Data           4  zf_device_type.o(.data.camera_uart_handler)
    camera_vsync_handler                     0x20000020   Data           4  zf_device_type.o(.data.camera_vsync_handler)
    dl1a_distance_mm                         0x20000024   Data           2  zf_device_dl1a.o(.data.dl1a_distance_mm)
    gpio_group                               0x20000030   Data          32  zf_driver_gpio.o(.data.gpio_group)
    q                                        0x20000050   Data          16  imu.o(.data.q)
    system_clock                             0x20000060   Data           4  zf_common_clock.o(.data.system_clock)
    wireless_module_uart_handler             0x20000084   Data           4  zf_device_type.o(.data.wireless_module_uart_handler)
    A_D                                      0x2000008c   Data           4  main.o(.bss.A_D)
    A_P                                      0x20000090   Data           4  main.o(.bss.A_P)
    angleControlOut                          0x20000098   Data           4  main.o(.bss.angleControlOut)
    angleLastError                           0x2000009c   Data           4  main.o(.bss.angleLastError)
    dl1a_finsh_flag                          0x200000b8   Data           1  zf_device_dl1a.o(.bss.dl1a_finsh_flag)
    encoder1_data                            0x200000d2   Data           2  main.o(.bss.encoder1_data)
    encoder2_data                            0x200000d4   Data           2  main.o(.bss.encoder2_data)
    exInt                                    0x200000d8   Data           4  imu.o(.bss.exInt)
    eyInt                                    0x200000dc   Data           4  imu.o(.bss.eyInt)
    ezInt                                    0x200000e0   Data           4  imu.o(.bss.ezInt)
    gps_gga_state                            0x20000164   Data           1  zf_device_gps_tau1201.o(.bss.gps_gga_state)
    gps_rmc_state                            0x200001e5   Data           1  zf_device_gps_tau1201.o(.bss.gps_rmc_state)
    gps_tau1201_flag                         0x200001e6   Data           1  zf_device_gps_tau1201.o(.bss.gps_tau1201_flag)
    imu_Angle                                0x20000204   Data          12  imu.o(.bss.imu_Angle)
    imu_Angle_Filted                         0x20000210   Data          12  imu.o(.bss.imu_Angle_Filted)
    imu_data                                 0x2000021c   Data          24  imu.o(.bss.imu_data)
    leftMotorPulseSigma                      0x20000238   Data           2  main.o(.bss.leftMotorPulseSigma)
    mpu6050_acc_x                            0x2000023a   Data           2  zf_device_mpu6050.o(.bss.mpu6050_acc_x)
    mpu6050_acc_y                            0x2000023c   Data           2  zf_device_mpu6050.o(.bss.mpu6050_acc_y)
    mpu6050_acc_z                            0x2000023e   Data           2  zf_device_mpu6050.o(.bss.mpu6050_acc_z)
    mpu6050_gyro_x                           0x20000240   Data           2  zf_device_mpu6050.o(.bss.mpu6050_gyro_x)
    mpu6050_gyro_y                           0x20000242   Data           2  zf_device_mpu6050.o(.bss.mpu6050_gyro_y)
    mpu6050_gyro_z                           0x20000244   Data           2  zf_device_mpu6050.o(.bss.mpu6050_gyro_z)
    rightMotorPulseSigma                     0x20000258   Data           2  main.o(.bss.rightMotorPulseSigma)
    speedControlOutSmooth                    0x2000025c   Data           4  main.o(.bss.speedControlOutSmooth)
    time                                     0x20000260   Data           2  main.o(.bss.time)
    tsl1401_data                             0x20000272   Data         512  zf_device_tsl1401.o(.bss.tsl1401_data)
    tsl1401_finish_flag                      0x20000472   Data           1  zf_device_tsl1401.o(.bss.tsl1401_finish_flag)
    Image$$ARM_LIB_STACK$$ZI$$Limit          0x20020000   Number         0  anon$$obj.o ABSOLUTE



==============================================================================

Memory Map of the image

  Image Entry point : 0x08000401

  Load Region LR_m_text (Base: 0x08000000, Size: 0x00006e1c, Max: 0x00080000, ABSOLUTE)

    Execution Region VECTOR_ROM (Exec base: 0x08000000, Load base: 0x08000000, Size: 0x00000190, Max: 0x00000400, ABSOLUTE)

    Exec Addr    Load Addr    Size         Type   Attr      Idx    E Section Name        Object

    0x08000000   0x08000000   0x00000190   Data   RO         1774    RESET               startup_mm32f3277g.o


    Execution Region ER_m_text (Exec base: 0x08000400, Load base: 0x08000400, Size: 0x00006990, Max: 0x0007fc00, ABSOLUTE, FIXED)

    Exec Addr    Load Addr    Size         Type   Attr      Idx    E Section Name        Object

    0x08000400   0x08000400   0x00000000   Code   RO         2886  * .ARM.Collect$$$$00000000  mc_w.l(entry.o)
    0x08000400   0x08000400   0x00000004   Code   RO         3026    .ARM.Collect$$$$00000003  mc_w.l(entry4.o)
    0x08000404   0x08000404   0x00000004   Code   RO         3029    .ARM.Collect$$$$00000004  mc_w.l(entry5.o)
    0x08000408   0x08000408   0x00000000   Code   RO         3031    .ARM.Collect$$$$00000008  mc_w.l(entry7b.o)
    0x08000408   0x08000408   0x00000000   Code   RO         3033    .ARM.Collect$$$$0000000A  mc_w.l(entry8b.o)
    0x08000408   0x08000408   0x00000008   Code   RO         3034    .ARM.Collect$$$$0000000B  mc_w.l(entry9a.o)
    0x08000410   0x08000410   0x00000000   Code   RO         3036    .ARM.Collect$$$$0000000D  mc_w.l(entry10a.o)
    0x08000410   0x08000410   0x00000000   Code   RO         3038    .ARM.Collect$$$$0000000F  mc_w.l(entry11a.o)
    0x08000410   0x08000410   0x00000004   Code   RO         3027    .ARM.Collect$$$$00002714  mc_w.l(entry4.o)
    0x08000414   0x08000414   0x00000024   Code   RO         1775    .text               startup_mm32f3277g.o
    0x08000438   0x08000438   0x00000024   Code   RO         2889    .text               mc_w.l(memcpya.o)
    0x0800045c   0x0800045c   0x00000024   Code   RO         2891    .text               mc_w.l(memseta.o)
    0x08000480   0x08000480   0x0000000e   Code   RO         2899    .text               mc_w.l(strlen.o)
    0x0800048e   0x0800048e   0x0000001e   Code   RO         2903    .text               mc_w.l(strncmp.o)
    0x080004ac   0x080004ac   0x000000b0   Code   RO         2937    .text               mf_w.l(fadd.o)
    0x0800055c   0x0800055c   0x00000064   Code   RO         2939    .text               mf_w.l(fmul.o)
    0x080005c0   0x080005c0   0x0000007c   Code   RO         2941    .text               mf_w.l(fdiv.o)
    0x0800063c   0x0800063c   0x0000014e   Code   RO         2943    .text               mf_w.l(dadd.o)
    0x0800078a   0x0800078a   0x000000e4   Code   RO         2945    .text               mf_w.l(dmul.o)
    0x0800086e   0x0800086e   0x000000de   Code   RO         2947    .text               mf_w.l(ddiv.o)
    0x0800094c   0x0800094c   0x0000001c   Code   RO         2949    .text               mf_w.l(fcmpge.o)
    0x08000968   0x08000968   0x0000001c   Code   RO         2951    .text               mf_w.l(fcmpgt.o)
    0x08000984   0x08000984   0x00000036   Code   RO         2957    .text               mf_w.l(dcmpge.o)
    0x080009ba   0x080009ba   0x00000036   Code   RO         2959    .text               mf_w.l(dcmpgt.o)
    0x080009f0   0x080009f0   0x00000012   Code   RO         2963    .text               mf_w.l(fflti.o)
    0x08000a02   0x08000a02   0x0000000a   Code   RO         2965    .text               mf_w.l(ffltui.o)
    0x08000a0c   0x08000a0c   0x00000032   Code   RO         2971    .text               mf_w.l(ffixi.o)
    0x08000a3e   0x08000a3e   0x00000028   Code   RO         2973    .text               mf_w.l(ffixui.o)
    0x08000a66   0x08000a66   0x00000032   Code   RO         2977    .text               mf_w.l(dfixui.o)
    0x08000a98   0x08000a98   0x00000026   Code   RO         2979    .text               mf_w.l(f2d.o)
    0x08000abe   0x08000abe   0x00000038   Code   RO         2981    .text               mf_w.l(d2f.o)
    0x08000af6   0x08000af6   0x0000002c   Code   RO         3041    .text               mc_w.l(uidiv.o)
    0x08000b22   0x08000b22   0x00000062   Code   RO         3043    .text               mc_w.l(uldiv.o)
    0x08000b84   0x08000b84   0x0000001e   Code   RO         3045    .text               mc_w.l(llshl.o)
    0x08000ba2   0x08000ba2   0x00000020   Code   RO         3047    .text               mc_w.l(llushr.o)
    0x08000bc2   0x08000bc2   0x00000024   Code   RO         3049    .text               mc_w.l(llsshr.o)
    0x08000be6   0x08000be6   0x00000000   Code   RO         3058    .text               mc_w.l(iusefp.o)
    0x08000be6   0x08000be6   0x0000006e   Code   RO         3059    .text               mf_w.l(fepilogue.o)
    0x08000c54   0x08000c54   0x000000ba   Code   RO         3061    .text               mf_w.l(depilogue.o)
    0x08000d0e   0x08000d0e   0x0000002e   Code   RO         3063    .text               mf_w.l(dscalb.o)
    0x08000d3c   0x08000d3c   0x000000a2   Code   RO         3065    .text               mf_w.l(dsqrt.o)
    0x08000dde   0x08000dde   0x00000030   Code   RO         3067    .text               mf_w.l(dfixul.o)
    0x08000e0e   0x08000e0e   0x00000002   PAD
    0x08000e10   0x08000e10   0x00000030   Code   RO         3071    .text               mf_w.l(cdrcmple.o)
    0x08000e40   0x08000e40   0x00000024   Code   RO         3073    .text               mc_w.l(init.o)
    0x08000e64   0x08000e64   0x000000a6   Code   RO           12    .text.Angle_PID_Control  main.o
    0x08000f0a   0x08000f0a   0x00000002   PAD
    0x08000f0c   0x08000f0c   0x00000022   Code   RO           97    .text.DMA1_Channel1_IRQHandler  isr.o
    0x08000f2e   0x08000f2e   0x00000002   PAD
    0x08000f30   0x08000f30   0x00000022   Code   RO           99    .text.DMA1_Channel2_IRQHandler  isr.o
    0x08000f52   0x08000f52   0x00000002   PAD
    0x08000f54   0x08000f54   0x00000022   Code   RO          101    .text.DMA1_Channel3_IRQHandler  isr.o
    0x08000f76   0x08000f76   0x00000002   PAD
    0x08000f78   0x08000f78   0x00000034   Code   RO          103    .text.DMA1_Channel4_IRQHandler  isr.o
    0x08000fac   0x08000fac   0x00000022   Code   RO          105    .text.DMA1_Channel5_IRQHandler  isr.o
    0x08000fce   0x08000fce   0x00000002   PAD
    0x08000fd0   0x08000fd0   0x00000022   Code   RO          107    .text.DMA1_Channel6_IRQHandler  isr.o
    0x08000ff2   0x08000ff2   0x00000002   PAD
    0x08000ff4   0x08000ff4   0x00000022   Code   RO          109    .text.DMA1_Channel7_IRQHandler  isr.o
    0x08001016   0x08001016   0x00000002   PAD
    0x08001018   0x08001018   0x00000026   Code   RO          111    .text.DMA2_Channel1_IRQHandler  isr.o
    0x0800103e   0x0800103e   0x00000002   PAD
    0x08001040   0x08001040   0x00000026   Code   RO          113    .text.DMA2_Channel2_IRQHandler  isr.o
    0x08001066   0x08001066   0x00000002   PAD
    0x08001068   0x08001068   0x00000026   Code   RO          115    .text.DMA2_Channel3_IRQHandler  isr.o
    0x0800108e   0x0800108e   0x00000002   PAD
    0x08001090   0x08001090   0x00000026   Code   RO          117    .text.DMA2_Channel4_IRQHandler  isr.o
    0x080010b6   0x080010b6   0x00000002   PAD
    0x080010b8   0x080010b8   0x00000026   Code   RO          119    .text.DMA2_Channel5_IRQHandler  isr.o
    0x080010de   0x080010de   0x00000002   PAD
    0x080010e0   0x080010e0   0x00000012   Code   RO           83    .text.EXTI0_IRQHandler  isr.o
    0x080010f2   0x080010f2   0x00000002   PAD
    0x080010f4   0x080010f4   0x000000ec   Code   RO           95    .text.EXTI15_10_IRQHandler  isr.o
    0x080011e0   0x080011e0   0x00000012   Code   RO           85    .text.EXTI1_IRQHandler  isr.o
    0x080011f2   0x080011f2   0x00000002   PAD
    0x080011f4   0x080011f4   0x00000012   Code   RO           87    .text.EXTI2_IRQHandler  isr.o
    0x08001206   0x08001206   0x00000002   PAD
    0x08001208   0x08001208   0x00000012   Code   RO           89    .text.EXTI3_IRQHandler  isr.o
    0x0800121a   0x0800121a   0x00000002   PAD
    0x0800121c   0x0800121c   0x0000001c   Code   RO           91    .text.EXTI4_IRQHandler  isr.o
    0x08001238   0x08001238   0x000000c8   Code   RO           93    .text.EXTI9_5_IRQHandler  isr.o
    0x08001300   0x08001300   0x0000047e   Code   RO          136    .text.IMU_AHRSupdate  imu.o
    0x0800177e   0x0800177e   0x00000002   PAD
    0x08001780   0x08001780   0x000000e8   Code   RO          134    .text.IMU_GetValues  imu.o
    0x08001868   0x08001868   0x00000342   Code   RO          138    .text.IMU_getEuleranAngles  imu.o
    0x08001baa   0x08001baa   0x00000002   PAD
    0x08001bac   0x08001bac   0x0000005e   Code   RO            4    .text.Motor_Init    main.o
    0x08001c0a   0x08001c0a   0x00000002   PAD
    0x08001c0c   0x08001c0c   0x000001e2   Code   RO            6    .text.Motor_SetSpeed  main.o
    0x08001dee   0x08001dee   0x00000002   PAD
    0x08001df0   0x08001df0   0x00000010   Code   RO         1763    .text.SystemInit    system_mm32f3277g.o
    0x08001e00   0x08001e00   0x00000014   Code   RO           51    .text.TIM1_UP_IRQHandler  isr.o
    0x08001e14   0x08001e14   0x00000012   Code   RO           53    .text.TIM2_IRQHandler  isr.o
    0x08001e26   0x08001e26   0x00000002   PAD
    0x08001e28   0x08001e28   0x00000014   Code   RO           55    .text.TIM3_IRQHandler  isr.o
    0x08001e3c   0x08001e3c   0x00000014   Code   RO           57    .text.TIM4_IRQHandler  isr.o
    0x08001e50   0x08001e50   0x00000014   Code   RO           59    .text.TIM5_IRQHandler  isr.o
    0x08001e64   0x08001e64   0x00000020   Code   RO           61    .text.TIM6_IRQHandler  isr.o
    0x08001e84   0x08001e84   0x00000014   Code   RO           63    .text.TIM7_IRQHandler  isr.o
    0x08001e98   0x08001e98   0x00000020   Code   RO           65    .text.TIM8_UP_IRQHandler  isr.o
    0x08001eb8   0x08001eb8   0x0000004a   Code   RO           67    .text.UART1_IRQHandler  isr.o
    0x08001f02   0x08001f02   0x00000002   PAD
    0x08001f04   0x08001f04   0x00000054   Code   RO           69    .text.UART2_IRQHandler  isr.o
    0x08001f58   0x08001f58   0x0000004a   Code   RO           71    .text.UART3_IRQHandler  isr.o
    0x08001fa2   0x08001fa2   0x00000002   PAD
    0x08001fa4   0x08001fa4   0x0000004a   Code   RO           73    .text.UART4_IRQHandler  isr.o
    0x08001fee   0x08001fee   0x00000002   PAD
    0x08001ff0   0x08001ff0   0x0000004a   Code   RO           75    .text.UART5_IRQHandler  isr.o
    0x0800203a   0x0800203a   0x00000002   PAD
    0x0800203c   0x0800203c   0x0000005c   Code   RO           77    .text.UART6_IRQHandler  isr.o
    0x08002098   0x08002098   0x0000004a   Code   RO           79    .text.UART7_IRQHandler  isr.o
    0x080020e2   0x080020e2   0x00000002   PAD
    0x080020e4   0x080020e4   0x0000005c   Code   RO           81    .text.UART8_IRQHandler  isr.o
    0x08002140   0x08002140   0x00000036   Code   RO          317    .text.__NVIC_EnableIRQ  zf_common_interrupt.o
    0x08002176   0x08002176   0x00000002   PAD
    0x08002178   0x08002178   0x0000004a   Code   RO          325    .text.__NVIC_SetPriority  zf_common_interrupt.o
    0x080021c2   0x080021c2   0x00000002   PAD
    0x080021c4   0x080021c4   0x00000040   Code   RO          329    .text.__NVIC_SetPriorityGrouping  zf_common_interrupt.o
    0x08002204   0x08002204   0x0000009e   Code   RO          343    .text.adc_convert   zf_driver_adc.o
    0x080022a2   0x080022a2   0x00000002   PAD
    0x080022a4   0x080022a4   0x0000019a   Code   RO          481    .text.afio_init     zf_driver_gpio.o
    0x0800243e   0x0800243e   0x00000002   PAD
    0x08002440   0x08002440   0x00000028   Code   RO          158    .text.clock_init    zf_common_clock.o
    0x08002468   0x08002468   0x00000092   Code   RO          160    .text.clock_reset   zf_common_clock.o
    0x080024fa   0x080024fa   0x00000002   PAD
    0x080024fc   0x080024fc   0x00000286   Code   RO          162    .text.clock_set_freq  zf_common_clock.o
    0x08002782   0x08002782   0x00000002   PAD
    0x08002784   0x08002784   0x00000084   Code   RO          184    .text.debug_assert_handler  zf_common_debug.o
    0x08002808   0x08002808   0x00000040   Code   RO          190    .text.debug_delay   zf_common_debug.o
    0x08002848   0x08002848   0x00000032   Code   RO          198    .text.debug_init    zf_common_debug.o
    0x0800287a   0x0800287a   0x00000002   PAD
    0x0800287c   0x0800287c   0x0000005a   Code   RO          192    .text.debug_log_handler  zf_common_debug.o
    0x080028d6   0x080028d6   0x00000002   PAD
    0x080028d8   0x080028d8   0x00000414   Code   RO          188    .text.debug_output  zf_common_debug.o
    0x08002cec   0x08002cec   0x00000050   Code   RO          196    .text.debug_output_init  zf_common_debug.o
    0x08002d3c   0x08002d3c   0x00000034   Code   RO          194    .text.debug_output_struct_init  zf_common_debug.o
    0x08002d70   0x08002d70   0x000000f8   Code   RO          186    .text.debug_protective_handler  zf_common_debug.o
    0x08002e68   0x08002e68   0x0000001e   Code   RO          200    .text.debug_uart_str_output  zf_common_debug.o
    0x08002e86   0x08002e86   0x00000002   PAD
    0x08002e88   0x08002e88   0x000000a4   Code   RO          930    .text.dl1a_get_distance  zf_device_dl1a.o
    0x08002f2c   0x08002f2c   0x00000008   Code   RO          932    .text.dl1a_int_handler  zf_device_dl1a.o
    0x08002f34   0x08002f34   0x0000003e   Code   RO          977    .text.dm1xa_light_callback  zf_device_dm1xa.o
    0x08002f72   0x08002f72   0x00000002   PAD
    0x08002f74   0x08002f74   0x0000010a   Code   RO          975    .text.dm1xa_sound_callback  zf_device_dm1xa.o
    0x0800307e   0x0800307e   0x00000002   PAD
    0x08003080   0x08003080   0x00000094   Code   RO          408    .text.encoder_clear_count  zf_driver_encoder.o
    0x08003114   0x08003114   0x000000e6   Code   RO          406    .text.encoder_get_count  zf_driver_encoder.o
    0x080031fa   0x080031fa   0x00000002   PAD
    0x080031fc   0x080031fc   0x00000174   Code   RO          410    .text.encoder_quad_init  zf_driver_encoder.o
    0x08003370   0x08003370   0x0000006a   Code   RO          132    .text.fast_sqrt     imu.o
    0x080033da   0x080033da   0x00000002   PAD
    0x080033dc   0x080033dc   0x000000ca   Code   RO          219    .text.fifo_clear    zf_common_fifo.o
    0x080034a6   0x080034a6   0x00000002   PAD
    0x080034a8   0x080034a8   0x00000038   Code   RO          231    .text.fifo_end_offset  zf_common_fifo.o
    0x080034e0   0x080034e0   0x00000038   Code   RO          225    .text.fifo_head_offset  zf_common_fifo.o
    0x08003518   0x08003518   0x0000023c   Code   RO          233    .text.fifo_read_buffer  zf_common_fifo.o
    0x08003754   0x08003754   0x00000034   Code   RO          221    .text.fifo_used     zf_common_fifo.o
    0x08003788   0x08003788   0x0000025a   Code   RO          227    .text.fifo_write_buffer  zf_common_fifo.o
    0x080039e2   0x080039e2   0x00000002   PAD
    0x080039e4   0x080039e4   0x00000032   Code   RO          176    .text.fputc         zf_common_debug.o
    0x08003a16   0x08003a16   0x00000002   PAD
    0x08003a18   0x08003a18   0x0000004a   Code   RO          268    .text.func_get_greatest_common_divisor  zf_common_function.o
    0x08003a62   0x08003a62   0x00000002   PAD
    0x08003a64   0x08003a64   0x0000003a   Code   RO          473    .text.gpio_get_level  zf_driver_gpio.o
    0x08003a9e   0x08003a9e   0x00000002   PAD
    0x08003aa0   0x08003aa0   0x00000204   Code   RO          479    .text.gpio_init     zf_driver_gpio.o
    0x08003ca4   0x08003ca4   0x0000006c   Code   RO          471    .text.gpio_set_level  zf_driver_gpio.o
    0x08003d10   0x08003d10   0x0000014c   Code   RO         1010    .text.gps_uart_callback  zf_device_gps_tau1201.o
    0x08003e5c   0x08003e5c   0x00000018   Code   RO          315    .text.interrupt_enable  zf_common_interrupt.o
    0x08003e74   0x08003e74   0x00000026   Code   RO          313    .text.interrupt_global_disable  zf_common_interrupt.o
    0x08003e9a   0x08003e9a   0x00000002   PAD
    0x08003e9c   0x08003e9c   0x0000000a   Code   RO          327    .text.interrupt_init  zf_common_interrupt.o
    0x08003ea6   0x08003ea6   0x00000002   PAD
    0x08003ea8   0x08003ea8   0x00000024   Code   RO          323    .text.interrupt_set_priority  zf_common_interrupt.o
    0x08003ecc   0x08003ecc   0x000000ea   Code   RO           14    .text.main          main.o
    0x08003fb6   0x08003fb6   0x00000002   PAD
    0x08003fb8   0x08003fb8   0x0000005e   Code   RO         1326    .text.mpu6050_get_acc  zf_device_mpu6050.o
    0x08004016   0x08004016   0x00000002   PAD
    0x08004018   0x08004018   0x0000005e   Code   RO         1328    .text.mpu6050_get_gyro  zf_device_mpu6050.o
    0x08004076   0x08004076   0x00000002   PAD
    0x08004078   0x08004078   0x000000ae   Code   RO         1334    .text.mpu6050_init  zf_device_mpu6050.o
    0x08004126   0x08004126   0x00000002   PAD
    0x08004128   0x08004128   0x0000007c   Code   RO         1336    .text.mpu6050_self1_check  zf_device_mpu6050.o
    0x080041a4   0x080041a4   0x0000011e   Code   RO           16    .text.pit_handler   main.o
    0x080042c2   0x080042c2   0x00000002   PAD
    0x080042c4   0x080042c4   0x0000013c   Code   RO          557    .text.pit_init      zf_driver_pit.o
    0x08004400   0x08004400   0x0000027c   Code   RO          574    .text.pwm_init      zf_driver_pwm.o
    0x0800467c   0x0800467c   0x0000014e   Code   RO          572    .text.pwm_set_duty  zf_driver_pwm.o
    0x080047ca   0x080047ca   0x00000002   PAD
    0x080047cc   0x080047cc   0x000000b0   Code   RO          665    .text.soft_iic_init  zf_driver_soft_iic.o
    0x0800487c   0x0800487c   0x00000094   Code   RO          649    .text.soft_iic_read_8bit_register  zf_driver_soft_iic.o
    0x08004910   0x08004910   0x000000c4   Code   RO          651    .text.soft_iic_read_8bit_registers  zf_driver_soft_iic.o
    0x080049d4   0x080049d4   0x00000184   Code   RO          641    .text.soft_iic_read_data  zf_driver_soft_iic.o
    0x08004b58   0x08004b58   0x00000136   Code   RO          669    .text.soft_iic_send_ack  zf_driver_soft_iic.o
    0x08004c8e   0x08004c8e   0x00000002   PAD
    0x08004c90   0x08004c90   0x00000150   Code   RO          621    .text.soft_iic_send_data  zf_driver_soft_iic.o
    0x08004de0   0x08004de0   0x000000f6   Code   RO          619    .text.soft_iic_start  zf_driver_soft_iic.o
    0x08004ed6   0x08004ed6   0x00000002   PAD
    0x08004ed8   0x08004ed8   0x000000f6   Code   RO          623    .text.soft_iic_stop  zf_driver_soft_iic.o
    0x08004fce   0x08004fce   0x00000002   PAD
    0x08004fd0   0x08004fd0   0x00000118   Code   RO          667    .text.soft_iic_wait_ack  zf_driver_soft_iic.o
    0x080050e8   0x080050e8   0x00000078   Code   RO          631    .text.soft_iic_write_8bit_register  zf_driver_soft_iic.o
    0x08005160   0x08005160   0x000000ae   Code   RO          370    .text.system_delay_ms  zf_driver_delay.o
    0x0800520e   0x0800520e   0x00000002   PAD
    0x08005210   0x08005210   0x000000b6   Code   RO          798    .text.timer_clear   zf_driver_timer.o
    0x080052c6   0x080052c6   0x00000002   PAD
    0x080052c8   0x080052c8   0x000000ba   Code   RO          790    .text.timer_clock_enable  zf_driver_timer.o
    0x08005382   0x08005382   0x00000002   PAD
    0x08005384   0x08005384   0x00000072   Code   RO          788    .text.timer_funciton_check  zf_driver_timer.o
    0x080053f6   0x080053f6   0x00000002   PAD
    0x080053f8   0x080053f8   0x000000ba   Code   RO          796    .text.timer_get     zf_driver_timer.o
    0x080054b2   0x080054b2   0x00000002   PAD
    0x080054b4   0x080054b4   0x000000e6   Code   RO         1597    .text.tsl1401_collect_pit_handler  zf_device_tsl1401.o
    0x0800559a   0x0800559a   0x00000002   PAD
    0x0800559c   0x0800559c   0x00000002   Code   RO         1617    .text.type_default_callback  zf_device_type.o
    0x0800559e   0x0800559e   0x00000002   PAD
    0x080055a0   0x080055a0   0x000002ac   Code   RO          832    .text.uart_init     zf_driver_uart.o
    0x0800584c   0x0800584c   0x00000074   Code   RO          826    .text.uart_query_byte  zf_driver_uart.o
    0x080058c0   0x080058c0   0x0000004a   Code   RO          818    .text.uart_write_byte  zf_driver_uart.o
    0x0800590a   0x0800590a   0x00000002   PAD
    0x0800590c   0x0800590c   0x00000050   Code   RO          822    .text.uart_write_string  zf_driver_uart.o
    0x0800595c   0x0800595c   0x00000020   Code   RO         2910    i.__0printf         mc_w.l(printfa.o)
    0x0800597c   0x0800597c   0x00000028   Code   RO         2912    i.__0sprintf        mc_w.l(printfa.o)
    0x080059a4   0x080059a4   0x00000028   Code   RO         3010    i.__ARM_fpclassify  m_ws.l(fpclassify.o)
    0x080059cc   0x080059cc   0x000000aa   Code   RO         3012    i.__kernel_poly     m_ws.l(poly.o)
    0x08005a76   0x08005a76   0x00000006   Code   RO         2997    i.__mathlib_dbl_infnan  m_ws.l(dunder.o)
    0x08005a7c   0x08005a7c   0x00000004   Code   RO         2998    i.__mathlib_dbl_infnan2  m_ws.l(dunder.o)
    0x08005a80   0x08005a80   0x0000000c   Code   RO         2999    i.__mathlib_dbl_invalid  m_ws.l(dunder.o)
    0x08005a8c   0x08005a8c   0x00000010   Code   RO         3002    i.__mathlib_dbl_underflow  m_ws.l(dunder.o)
    0x08005a9c   0x08005a9c   0x0000000e   Code   RO         3077    i.__scatterload_copy  mc_w.l(handlers.o)
    0x08005aaa   0x08005aaa   0x00000002   Code   RO         3078    i.__scatterload_null  mc_w.l(handlers.o)
    0x08005aac   0x08005aac   0x0000000e   Code   RO         3079    i.__scatterload_zeroinit  mc_w.l(handlers.o)
    0x08005aba   0x08005aba   0x00000002   PAD
    0x08005abc   0x08005abc   0x0000000c   Code   RO         3053    i.__set_errno       mc_w.l(errno.o)
    0x08005ac8   0x08005ac8   0x00000184   Code   RO         2917    i._fp_digits        mc_w.l(printfa.o)
    0x08005c4c   0x08005c4c   0x000006dc   Code   RO         2918    i._printf_core      mc_w.l(printfa.o)
    0x08006328   0x08006328   0x00000024   Code   RO         2919    i._printf_post_padding  mc_w.l(printfa.o)
    0x0800634c   0x0800634c   0x0000002e   Code   RO         2920    i._printf_pre_padding  mc_w.l(printfa.o)
    0x0800637a   0x0800637a   0x0000000a   Code   RO         2922    i._sputc            mc_w.l(printfa.o)
    0x08006384   0x08006384   0x00000270   Code   RO         2835    i.asin              m_ws.l(asin.o)
    0x080065f4   0x080065f4   0x00000220   Code   RO         2984    i.atan              m_ws.l(atan.o)
    0x08006814   0x08006814   0x00000180   Code   RO         2845    i.atan2             m_ws.l(atan2.o)
    0x08006994   0x08006994   0x0000004c   Code   RO         2879    i.sqrt              m_ws.l(sqrt.o)
    0x080069e0   0x080069e0   0x00000050   Data   RO         2836    .constdata          m_ws.l(asin.o)
    0x08006a30   0x08006a30   0x00000098   Data   RO         2985    .constdata          m_ws.l(atan.o)
    0x08006ac8   0x08006ac8   0x00000008   Data   RO         3014    .constdata          m_ws.l(qnan.o)
    0x08006ad0   0x08006ad0   0x000000ac   Data   RO          207    .rodata.debug_protective_handler.pin_list  zf_common_debug.o
    0x08006b7c   0x08006b7c   0x0000000a   Data   RO           39    .rodata.str1.1      main.o
    0x08006b86   0x08006b86   0x00000066   Data   RO          205    .rodata.str1.1      zf_common_debug.o
    0x08006bec   0x08006bec   0x0000002b   Data   RO          239    .rodata.str1.1      zf_common_fifo.o
    0x08006c17   0x08006c17   0x0000002c   Data   RO          374    .rodata.str1.1      zf_driver_delay.o
    0x08006c43   0x08006c43   0x0000002e   Data   RO          415    .rodata.str1.1      zf_driver_encoder.o
    0x08006c71   0x08006c71   0x0000002a   Data   RO          559    .rodata.str1.1      zf_driver_pit.o
    0x08006c9b   0x08006c9b   0x0000002a   Data   RO          576    .rodata.str1.1      zf_driver_pwm.o
    0x08006cc5   0x08006cc5   0x0000002f   Data   RO          671    .rodata.str1.1      zf_driver_soft_iic.o
    0x08006cf4   0x08006cf4   0x0000002b   Data   RO          835    .rodata.str1.1      zf_driver_uart.o
    0x08006d1f   0x08006d1f   0x00000008   Data   RO         1033    .rodata.str1.1      zf_device_gps_tau1201.o
    0x08006d27   0x08006d27   0x00000048   Data   RO         1345    .rodata.str1.1      zf_device_mpu6050.o
    0x08006d6f   0x08006d6f   0x00000001   PAD
    0x08006d70   0x08006d70   0x00000020   Data   RO         3075    Region$$Table       anon$$obj.o


    Execution Region RW_m_data (Exec base: 0x20000000, Load base: 0x08006d90, Size: 0x00000478, Max: 0x0001dc00, ABSOLUTE)

    Exec Addr    Load Addr    Size         Type   Attr      Idx    E Section Name        Object

    0x20000000   0x08006d90   0x00000004   Data   RW         3040    .data               mc_w.l(stdout.o)
    0x20000004   0x08006d94   0x00000004   Data   RW         3054    .data               mc_w.l(errno.o)
    0x20000008   0x08006d98   0x00000008   Data   RW          349    .data.adc_index     zf_driver_adc.o
    0x20000010   0x08006da0   0x00000004   Data   RW           31    .data.angle_kd      main.o
    0x20000014   0x08006da4   0x00000004   Data   RW           30    .data.angle_kp      main.o
    0x20000018   0x08006da8   0x00000004   Data   RW         1626    .data.camera_dma_handler  zf_device_type.o
    0x2000001c   0x08006dac   0x00000004   Data   RW         1624    .data.camera_uart_handler  zf_device_type.o
    0x20000020   0x08006db0   0x00000004   Data   RW         1625    .data.camera_vsync_handler  zf_device_type.o
    0x20000024   0x08006db4   0x00000002   Data   RW          961    .data.dl1a_distance_mm  zf_device_dl1a.o
    0x20000026   0x08006db6   0x00000002   Data   RW          988    .data.dm1xa_distance_mm  zf_device_dm1xa.o
    0x20000028   0x08006db8   0x00000008   Data   RW          414    .data.encoder_dir_pin  zf_driver_encoder.o
    0x20000030   0x08006dc0   0x00000020   Data   RW          483    .data.gpio_group    zf_driver_gpio.o
    0x20000050   0x08006de0   0x00000010   Data   RW          140    .data.q             imu.o
    0x20000060   0x08006df0   0x00000004   Data   RW          164    .data.system_clock  zf_common_clock.o
    0x20000064   0x08006df4   0x00000020   Data   RW          834    .data.uart_index    zf_driver_uart.o
    0x20000084   0x08006e14   0x00000004   Data   RW         1628    .data.wireless_module_uart_handler  zf_device_type.o
    0x20000088   0x08006e18   0x00000001   Data   RW          203    .data.zf_debug_assert_enable  zf_common_debug.o
    0x20000089   0x08006e19   0x00000003   PAD
    0x2000008c        -       0x00000004   Zero   RW           38    .bss.A_D            main.o
    0x20000090        -       0x00000004   Zero   RW           37    .bss.A_P            main.o
    0x20000094        -       0x00000002   Zero   RW          350    .bss.adc_resolution  zf_driver_adc.o
    0x20000096   0x08006e19   0x00000002   PAD
    0x20000098        -       0x00000004   Zero   RW           34    .bss.angleControlOut  main.o
    0x2000009c        -       0x00000004   Zero   RW           33    .bss.angleLastError  main.o
    0x200000a0        -       0x00000001   Zero   RW          204    .bss.debug_assert_handler.assert_nest_index  zf_common_debug.o
    0x200000a1   0x08006e19   0x00000003   PAD
    0x200000a4        -       0x00000014   Zero   RW          206    .bss.debug_output_info  zf_common_debug.o
    0x200000b8        -       0x00000001   Zero   RW          960    .bss.dl1a_finsh_flag  zf_device_dl1a.o
    0x200000b9   0x08006e19   0x00000003   PAD
    0x200000bc        -       0x00000010   Zero   RW          962    .bss.dl1a_iic_struct  zf_device_dl1a.o
    0x200000cc        -       0x00000004   Zero   RW          986    .bss.dm1xa_plus_count  zf_device_dm1xa.o
    0x200000d0        -       0x00000001   Zero   RW          987    .bss.dm1xa_ranging_state  zf_device_dm1xa.o
    0x200000d1        -       0x00000001   Zero   RW          985    .bss.dm1xa_type     zf_device_dm1xa.o
    0x200000d2        -       0x00000002   Zero   RW           18    .bss.encoder1_data  main.o
    0x200000d4        -       0x00000002   Zero   RW           19    .bss.encoder2_data  main.o
    0x200000d6   0x08006e19   0x00000002   PAD
    0x200000d8        -       0x00000004   Zero   RW          141    .bss.exInt          imu.o
    0x200000dc        -       0x00000004   Zero   RW          142    .bss.eyInt          imu.o
    0x200000e0        -       0x00000004   Zero   RW          143    .bss.ezInt          imu.o
    0x200000e4        -       0x00000080   Zero   RW         1030    .bss.gps_gga_buffer  zf_device_gps_tau1201.o
    0x20000164        -       0x00000001   Zero   RW         1025    .bss.gps_gga_state  zf_device_gps_tau1201.o
    0x20000165        -       0x00000080   Zero   RW         1028    .bss.gps_rmc_buffer  zf_device_gps_tau1201.o
    0x200001e5        -       0x00000001   Zero   RW         1026    .bss.gps_rmc_state  zf_device_gps_tau1201.o
    0x200001e6        -       0x00000001   Zero   RW         1024    .bss.gps_tau1201_flag  zf_device_gps_tau1201.o
    0x200001e7   0x08006e19   0x00000001   PAD
    0x200001e8        -       0x00000018   Zero   RW         1032    .bss.gps_tau1201_receiver_fifo  zf_device_gps_tau1201.o
    0x20000200        -       0x00000001   Zero   RW         1031    .bss.gps_tau1201_state  zf_device_gps_tau1201.o
    0x20000201   0x08006e19   0x00000003   PAD
    0x20000204        -       0x0000000c   Zero   RW          145    .bss.imu_Angle      imu.o
    0x20000210        -       0x0000000c   Zero   RW          146    .bss.imu_Angle_Filted  imu.o
    0x2000021c        -       0x00000018   Zero   RW          144    .bss.imu_data       imu.o
    0x20000234        -       0x00000004   Zero   RW          331    .bss.interrupt_nest_count  zf_common_interrupt.o
    0x20000238        -       0x00000002   Zero   RW           35    .bss.leftMotorPulseSigma  main.o
    0x2000023a        -       0x00000002   Zero   RW         1341    .bss.mpu6050_acc_x  zf_device_mpu6050.o
    0x2000023c        -       0x00000002   Zero   RW         1342    .bss.mpu6050_acc_y  zf_device_mpu6050.o
    0x2000023e        -       0x00000002   Zero   RW         1343    .bss.mpu6050_acc_z  zf_device_mpu6050.o
    0x20000240        -       0x00000002   Zero   RW         1338    .bss.mpu6050_gyro_x  zf_device_mpu6050.o
    0x20000242        -       0x00000002   Zero   RW         1339    .bss.mpu6050_gyro_y  zf_device_mpu6050.o
    0x20000244        -       0x00000002   Zero   RW         1340    .bss.mpu6050_gyro_z  zf_device_mpu6050.o
    0x20000246   0x08006e19   0x00000002   PAD
    0x20000248        -       0x00000010   Zero   RW         1344    .bss.mpu6050_iic_struct  zf_device_mpu6050.o
    0x20000258        -       0x00000002   Zero   RW           36    .bss.rightMotorPulseSigma  main.o
    0x2000025a   0x08006e19   0x00000002   PAD
    0x2000025c        -       0x00000004   Zero   RW           26    .bss.speedControlOutSmooth  main.o
    0x20000260        -       0x00000002   Zero   RW           20    .bss.time           main.o
    0x20000262        -       0x00000008   Zero   RW          804    .bss.timer_function_state  zf_driver_timer.o
    0x2000026a        -       0x00000008   Zero   RW          805    .bss.timer_mode_state  zf_driver_timer.o
    0x20000272        -       0x00000200   Zero   RW         1604    .bss.tsl1401_data   zf_device_tsl1401.o
    0x20000472        -       0x00000001   Zero   RW         1605    .bss.tsl1401_finish_flag  zf_device_tsl1401.o
    0x20000473        -       0x00000001   Zero   RW         1603    .bss.tsl1401_init_state  zf_device_tsl1401.o
    0x20000474        -       0x00000001   Zero   RW          202    .bss.zf_debug_init_flag  zf_common_debug.o


    Execution Region ARM_LIB_HEAP (Exec base: 0x20000478, Load base: 0x08006e1c, Size: 0x00000400, Max: 0x00000400, ABSOLUTE)

    Exec Addr    Load Addr    Size         Type   Attr      Idx    E Section Name        Object

    0x20000478        -       0x00000400   Zero   RW            1    ARM_LIB_HEAP.bss    anon$$obj.o


    Execution Region ARM_LIB_STACK (Exec base: 0x2001e000, Load base: 0x08006e1c, Size: 0x00002000, Max: 0x00002000, ABSOLUTE)

    Exec Addr    Load Addr    Size         Type   Attr      Idx    E Section Name        Object

    0x2001e000        -       0x00002000   Zero   RW            2    ARM_LIB_STACK.bss   anon$$obj.o


==============================================================================

Image component sizes


      Code (inc. data)   RO Data    RW Data    ZI Data      Debug   Object Name

      2322          0          0         16         60       3079   imu.o
      1802          0          0          0          0       7122   isr.o
      1262          0         10          8         30       8073   main.o
        36          8        400          0          0        808   startup_mm32f3277g.o
        16          0          0          0          0        408   system_mm32f3277g.o
       832          0          0          4          0       2939   zf_common_clock.o
      1840          0        274          1         22       8621   zf_common_debug.o
      1540          0         43          0          0       5688   zf_common_fifo.o
        74          0          0          0          0       8722   zf_common_function.o
       300          0          0          0          4       5015   zf_common_interrupt.o
       172          0          0          2         17       8196   zf_device_dl1a.o
       328          4          0          2          6       3798   zf_device_dm1xa.o
       332          0          8          0        284       8865   zf_device_gps_tau1201.o
       486          0         72          0         28       3486   zf_device_mpu6050.o
       230          0          0          0        514       3649   zf_device_tsl1401.o
         2          0          0         16          0       1769   zf_device_type.o
       158          0          0          8          2       4919   zf_driver_adc.o
       174          0         44          0          0       1172   zf_driver_delay.o
       750         24         46          8          0       6055   zf_driver_encoder.o
      1092          0          0         32          0       5115   zf_driver_gpio.o
       316          8         42          0          0       5044   zf_driver_pit.o
       970         16         42          0          0       5429   zf_driver_pwm.o
      2446          0         47          0          0       9694   zf_driver_soft_iic.o
       668         24          0          0         16       7464   zf_driver_timer.o
       954          8         43         32          0       7682   zf_driver_uart.o

    ----------------------------------------------------------------------
     19228         92       1104        132      10220     132812   Object Totals
         0          0         32          0       9216          0   (incl. Generated)
       126          0          1          3         21          0   (incl. Padding)

    ----------------------------------------------------------------------

      Code (inc. data)   RO Data    RW Data    ZI Data      Debug   Library Member Name

       624         52         80          0          0        168   asin.o
       544         70        152          0          0        124   atan.o
       384         38          0          0          0        144   atan2.o
        38          6          0          0          0        272   dunder.o
        40          0          0          0          0         68   fpclassify.o
       170          0          0          0          0         96   poly.o
         0          0          8          0          0          0   qnan.o
        76          0          0          0          0         84   sqrt.o
         0          0          0          0          0          0   entry.o
         0          0          0          0          0          0   entry10a.o
         0          0          0          0          0          0   entry11a.o
         8          4          0          0          0          0   entry4.o
         4          0          0          0          0          0   entry5.o
         0          0          0          0          0          0   entry7b.o
         0          0          0          0          0          0   entry8b.o
         8          4          0          0          0          0   entry9a.o
        12          6          0          4          0         68   errno.o
        30          0          0          0          0          0   handlers.o
        36          8          0          0          0         68   init.o
         0          0          0          0          0          0   iusefp.o
        30          0          0          0          0         68   llshl.o
        36          0          0          0          0         68   llsshr.o
        32          0          0          0          0         68   llushr.o
        36          0          0          0          0         68   memcpya.o
        36          0          0          0          0        108   memseta.o
      2308         96          0          0          0        604   printfa.o
         0          0          0          4          0          0   stdout.o
        14          0          0          0          0         68   strlen.o
        30          0          0          0          0         80   strncmp.o
        44          0          0          0          0         80   uidiv.o
        98          0          0          0          0         92   uldiv.o
        48          0          0          0          0         68   cdrcmple.o
        56          0          0          0          0         88   d2f.o
       334          0          0          0          0        148   dadd.o
        54          0          0          0          0         80   dcmpge.o
        54          0          0          0          0         80   dcmpgt.o
       222          0          0          0          0        100   ddiv.o
       186          0          0          0          0        176   depilogue.o
        50          0          0          0          0         76   dfixui.o
        48          0          0          0          0         68   dfixul.o
       228          0          0          0          0         96   dmul.o
        46          0          0          0          0         80   dscalb.o
       162          0          0          0          0        100   dsqrt.o
        38          0          0          0          0         68   f2d.o
       176          0          0          0          0        140   fadd.o
        28          0          0          0          0         68   fcmpge.o
        28          0          0          0          0         68   fcmpgt.o
       124          0          0          0          0         88   fdiv.o
       110          0          0          0          0        168   fepilogue.o
        50          0          0          0          0         68   ffixi.o
        40          0          0          0          0         68   ffixui.o
        18          0          0          0          0         68   fflti.o
        10          0          0          0          0         68   ffltui.o
       100          0          0          0          0         76   fmul.o

    ----------------------------------------------------------------------
      6852        284        240          8          0       4504   Library Totals
         4          0          0          0          0          0   (incl. Padding)

    ----------------------------------------------------------------------

      Code (inc. data)   RO Data    RW Data    ZI Data      Debug   Library Name

      1876        166        240          0          0        956   m_ws.l
      2762        118          0          8          0       1440   mc_w.l
      2210          0          0          0          0       2108   mf_w.l

    ----------------------------------------------------------------------
      6852        284        240          8          0       4504   Library Totals

    ----------------------------------------------------------------------

==============================================================================


      Code (inc. data)   RO Data    RW Data    ZI Data      Debug   

     26080        376       1344        140      10220     134604   Grand Totals
     26080        376       1344        140      10220     134604   ELF Image Totals
     26080        376       1344        140          0          0   ROM Totals

==============================================================================

    Total RO  Size (Code + RO Data)                27424 (  26.78kB)
    Total RW  Size (RW Data + ZI Data)             10360 (  10.12kB)
    Total ROM Size (Code + RO Data + RW Data)      27564 (  26.92kB)

==============================================================================

