<html>
<body>
<pre>
<h1>µVision Build Log</h1>
<h2>Tool Versions:</h2>
IDE-Version: ¦ÌVision V5.24.2.0
Copyright (C) 2017 ARM Ltd and ARM Germany GmbH. All rights reserved.
License Information: zyz zyz, zyz, LIC=ZB4EI-TZFET-JJE6S-LFF42-BYKSR-54VXG
 
Tool Versions:
Toolchain:       MDK-ARM Plus  Version: 5.24.1
Toolchain Path:  C:\Keil\ARM\ARMCLANG\Bin
C Compiler:      ArmClang.exe V6.7
Assembler:       Armasm.exe V6.7
Linker/Locator:  ArmLink.exe V6.7
Library Manager: ArmAr.exe V6.7
Hex Converter:   FromElf.exe V6.7
CPU DLL:         SARMCM3.DLL V5.24.1
Dialog DLL:      DCM.DLL V1.16.0.0
Target DLL:      CMSIS_AGDI.dll V1.28.3.0
Dialog DLL:      TCM.DLL V1.32.0.0
 
<h2>Project:</h2>
c:\Users\zyz\Desktop\G8P\PROJECT\mdk\mm32f327x_g8p.uvprojx
Project File Date:  02/22/2025

<h2>Output:</h2>
*** Using Compiler 'V6.7', folder: 'C:\Keil\ARM\ARMCLANG\Bin'
Build target 'mm32f327x_g8p_project'
compiling main.c...
linking...
Program Size: Code=26080 RO-data=1344 RW-data=140 ZI-data=10220  
".\Objects\MM32F327X_G8P.axf" - 0 Error(s), 0 Warning(s).

<h2>Software Packages used:</h2>

Package Vendor: MindMotion
                http://www.mindmotion.com.cn/Download/MDK_KEIL/MindMotion.MM32F3270_DFP.1.0.5.pack
                MindMotion.MM32F3270_DFP.1.0.5
                MindMotion MM32F3270 Series Device Support, Drivers and Examples

<h2>Collection of Component include folders:</h2>
  .\RTE\_mm32f327x_g8p_project
  C:\Keil\ARM\PACK\MindMotion\MM32F3270_DFP\1.0.5\Device\MM32F327x\Include

<h2>Collection of Component Files used:</h2>
Build Time Elapsed:  00:00:02
</pre>
</body>
</html>
